Archive member included because of file (symbol)

c:/altera/11.1sp2/nios2eds/bin/gnu/h-i686-mingw32/bin/../lib/gcc/nios2-elf/4.1.2\libgcc.a(_si_to_df.o)
                              obj/default/DE2_115_NIOS_HOST_MOUSE_VGA.o (__floatsidf)
c:/altera/11.1sp2/nios2eds/bin/gnu/h-i686-mingw32/bin/../lib/gcc/nios2-elf/4.1.2\libgcc.a(lib2-divmod.o)
                              obj/default/SEG7.o (__udivsi3)
c:/altera/11.1sp2/nios2eds/bin/gnu/h-i686-mingw32/bin/../lib/gcc/nios2-elf/4.1.2\libgcc.a(_clzsi2.o)
                              c:/altera/11.1sp2/nios2eds/bin/gnu/h-i686-mingw32/bin/../lib/gcc/nios2-elf/4.1.2\libgcc.a(_si_to_df.o) (__clzsi2)
c:/altera/11.1sp2/nios2eds/bin/gnu/h-i686-mingw32/bin/../lib/gcc/nios2-elf/4.1.2\libgcc.a(_pack_df.o)
                              c:/altera/11.1sp2/nios2eds/bin/gnu/h-i686-mingw32/bin/../lib/gcc/nios2-elf/4.1.2\libgcc.a(_si_to_df.o) (__pack_d)
c:/altera/11.1sp2/nios2eds/bin/gnu/h-i686-mingw32/bin/../lib/gcc/nios2-elf/4.1.2\libgcc.a(_clz.o)
                              c:/altera/11.1sp2/nios2eds/bin/gnu/h-i686-mingw32/bin/../lib/gcc/nios2-elf/4.1.2\libgcc.a(_clzsi2.o) (__clz_tab)
c:/altera/11.1sp2/nios2eds/bin/gnu/h-i686-mingw32/bin/../lib/gcc/nios2-elf/4.1.2/../../../../nios2-elf/lib\libc.a(lib_a-printf.o)
                              obj/default/DE2_115_NIOS_HOST_MOUSE_VGA.o (printf)
c:/altera/11.1sp2/nios2eds/bin/gnu/h-i686-mingw32/bin/../lib/gcc/nios2-elf/4.1.2/../../../../nios2-elf/lib\libc.a(lib_a-puts.o)
                              obj/default/DE2_115_NIOS_HOST_MOUSE_VGA.o (puts)
c:/altera/11.1sp2/nios2eds/bin/gnu/h-i686-mingw32/bin/../lib/gcc/nios2-elf/4.1.2/../../../../nios2-elf/lib\libc.a(lib_a-scanf.o)
                              obj/default/DE2_115_NIOS_HOST_MOUSE_VGA.o (scanf)
c:/altera/11.1sp2/nios2eds/bin/gnu/h-i686-mingw32/bin/../lib/gcc/nios2-elf/4.1.2/../../../../nios2-elf/lib\libc.a(lib_a-strlen.o)
                              obj/default/LCD.o (strlen)
c:/altera/11.1sp2/nios2eds/bin/gnu/h-i686-mingw32/bin/../lib/gcc/nios2-elf/4.1.2/../../../../nios2-elf/lib\libc.a(lib_a-vfprintf.o)
                              c:/altera/11.1sp2/nios2eds/bin/gnu/h-i686-mingw32/bin/../lib/gcc/nios2-elf/4.1.2/../../../../nios2-elf/lib\libc.a(lib_a-printf.o) (___vfprintf_internal_r)
c:/altera/11.1sp2/nios2eds/bin/gnu/h-i686-mingw32/bin/../lib/gcc/nios2-elf/4.1.2/../../../../nios2-elf/lib\libc.a(lib_a-vfscanf.o)
                              c:/altera/11.1sp2/nios2eds/bin/gnu/h-i686-mingw32/bin/../lib/gcc/nios2-elf/4.1.2/../../../../nios2-elf/lib\libc.a(lib_a-scanf.o) (__svfscanf_r)
c:/altera/11.1sp2/nios2eds/bin/gnu/h-i686-mingw32/bin/../lib/gcc/nios2-elf/4.1.2/../../../../nios2-elf/lib\libc.a(lib_a-wsetup.o)
                              c:/altera/11.1sp2/nios2eds/bin/gnu/h-i686-mingw32/bin/../lib/gcc/nios2-elf/4.1.2/../../../../nios2-elf/lib\libc.a(lib_a-vfprintf.o) (__swsetup_r)
c:/altera/11.1sp2/nios2eds/bin/gnu/h-i686-mingw32/bin/../lib/gcc/nios2-elf/4.1.2/../../../../nios2-elf/lib\libc.a(lib_a-ctype_.o)
                              c:/altera/11.1sp2/nios2eds/bin/gnu/h-i686-mingw32/bin/../lib/gcc/nios2-elf/4.1.2/../../../../nios2-elf/lib\libc.a(lib_a-vfscanf.o) (__ctype_ptr)
c:/altera/11.1sp2/nios2eds/bin/gnu/h-i686-mingw32/bin/../lib/gcc/nios2-elf/4.1.2/../../../../nios2-elf/lib\libc.a(lib_a-dtoa.o)
                              c:/altera/11.1sp2/nios2eds/bin/gnu/h-i686-mingw32/bin/../lib/gcc/nios2-elf/4.1.2/../../../../nios2-elf/lib\libc.a(lib_a-vfprintf.o) (_dtoa_r)
c:/altera/11.1sp2/nios2eds/bin/gnu/h-i686-mingw32/bin/../lib/gcc/nios2-elf/4.1.2/../../../../nios2-elf/lib\libc.a(lib_a-fflush.o)
                              c:/altera/11.1sp2/nios2eds/bin/gnu/h-i686-mingw32/bin/../lib/gcc/nios2-elf/4.1.2/../../../../nios2-elf/lib\libc.a(lib_a-vfprintf.o) (_fflush_r)
c:/altera/11.1sp2/nios2eds/bin/gnu/h-i686-mingw32/bin/../lib/gcc/nios2-elf/4.1.2/../../../../nios2-elf/lib\libc.a(lib_a-findfp.o)
                              c:/altera/11.1sp2/nios2eds/bin/gnu/h-i686-mingw32/bin/../lib/gcc/nios2-elf/4.1.2/../../../../nios2-elf/lib\libc.a(lib_a-vfprintf.o) (__sinit)
c:/altera/11.1sp2/nios2eds/bin/gnu/h-i686-mingw32/bin/../lib/gcc/nios2-elf/4.1.2/../../../../nios2-elf/lib\libc.a(lib_a-fread.o)
                              c:/altera/11.1sp2/nios2eds/bin/gnu/h-i686-mingw32/bin/../lib/gcc/nios2-elf/4.1.2/../../../../nios2-elf/lib\libc.a(lib_a-vfscanf.o) (fread)
c:/altera/11.1sp2/nios2eds/bin/gnu/h-i686-mingw32/bin/../lib/gcc/nios2-elf/4.1.2/../../../../nios2-elf/lib\libc.a(lib_a-freer.o)
                              c:/altera/11.1sp2/nios2eds/bin/gnu/h-i686-mingw32/bin/../lib/gcc/nios2-elf/4.1.2/../../../../nios2-elf/lib\libc.a(lib_a-wsetup.o) (_free_r)
c:/altera/11.1sp2/nios2eds/bin/gnu/h-i686-mingw32/bin/../lib/gcc/nios2-elf/4.1.2/../../../../nios2-elf/lib\libc.a(lib_a-fvwrite.o)
                              c:/altera/11.1sp2/nios2eds/bin/gnu/h-i686-mingw32/bin/../lib/gcc/nios2-elf/4.1.2/../../../../nios2-elf/lib\libc.a(lib_a-puts.o) (__sfvwrite_r)
[...]
Memory Configuration

Name             Origin             Length             Attributes
reset            0x00000000         0x00000020
sdram            0x00000020         0x07ffffe0
sram             0x08200000         0x00200000
*default*        0x00000000         0xffffffff

Linker script and memory map

LOAD ../DE2_115_NIOS_HOST_MOUSE_VGA_bsp//obj/HAL/src/crt0.o
LOAD obj/default/DE2_115_NIOS_HOST_MOUSE_VGA.o
LOAD obj/default/LCD.o
LOAD obj/default/SEG7.o
LOAD obj/default/VGA.o
LOAD c:/altera/11.1sp2/nios2eds/bin/gnu/h-i686-mingw32/bin/../lib/gcc/nios2-elf/4.1.2/../../../../nios2-elf/lib\libstdc++.a
LOAD c:/altera/11.1sp2/nios2eds/bin/gnu/h-i686-mingw32/bin/../lib/gcc/nios2-elf/4.1.2/../../../../nios2-elf/lib\libm.a
LOAD c:/altera/11.1sp2/nios2eds/bin/gnu/h-i686-mingw32/bin/../lib/gcc/nios2-elf/4.1.2\libgcc.a
START GROUP
LOAD c:/altera/11.1sp2/nios2eds/bin/gnu/h-i686-mingw32/bin/../lib/gcc/nios2-elf/4.1.2/../../../../nios2-elf/lib\libc.a
LOAD c:/altera/11.1sp2/nios2eds/bin/gnu/h-i686-mingw32/bin/../lib/gcc/nios2-elf/4.1.2\libgcc.a
LOAD ../DE2_115_NIOS_HOST_MOUSE_VGA_bsp/\libhal_bsp.a
END GROUP
LOAD c:/altera/11.1sp2/nios2eds/bin/gnu/h-i686-mingw32/bin/../lib/gcc/nios2-elf/4.1.2\libgcc.a
                0x00000000                __alt_mem_sdram = 0x0
                0x08200000                __alt_mem_sram = 0x8200000

.entry          0x00000000       0x20
 *(.entry)
 .entry         0x00000000       0x20 ../DE2_115_NIOS_HOST_MOUSE_VGA_bsp//obj/HAL/src/crt0.o
                0x00000000                __reset

.exceptions     0x00000020      0x194
                0x00000020                PROVIDE (__ram_exceptions_start, ABSOLUTE (.))
                0x00000020                . = ALIGN (0x20)
 *(.irq)
 *(.exceptions.entry.label)
 .exceptions.entry.label
                0x00000020        0x0 ../DE2_115_NIOS_HOST_MOUSE_VGA_bsp/\libhal_bsp.a(alt_irq_entry.o)
                0x00000020                alt_irq_entry
 .exceptions.entry.label
                0x00000020        0x0 ../DE2_115_NIOS_HOST_MOUSE_VGA_bsp/\libhal_bsp.a(alt_exception_entry.o)
                0x00000020                alt_exception
 *(.exceptions.entry.user)
 *(.exceptions.entry)
 .exceptions.entry
                0x00000020       0x54 ../DE2_115_NIOS_HOST_MOUSE_VGA_bsp/\libhal_bsp.a(alt_exception_entry.o)
 *(.exceptions.irqtest.user)
 *(.exceptions.irqtest)
 .exceptions.irqtest
                0x00000074       0x10 ../DE2_115_NIOS_HOST_MOUSE_VGA_bsp/\libhal_bsp.a(alt_irq_entry.o)
 *(.exceptions.irqhandler.user)
 *(.exceptions.irqhandler)
 .exceptions.irqhandler
                0x00000084        0x4 ../DE2_115_NIOS_HOST_MOUSE_VGA_bsp/\libhal_bsp.a(alt_irq_entry.o)
 *(.exceptions.irqreturn.user)
 *(.exceptions.irqreturn)
 .exceptions.irqreturn
                0x00000088        0x4 ../DE2_115_NIOS_HOST_MOUSE_VGA_bsp/\libhal_bsp.a(alt_irq_entry.o)
 *(.exceptions.notirq.label)
 .exceptions.notirq.label
                0x0000008c        0x0 ../DE2_115_NIOS_HOST_MOUSE_VGA_bsp/\libhal_bsp.a(alt_irq_entry.o)
 *(.exceptions.notirq.user)
 *(.exceptions.notirq)
 .exceptions.notirq
                0x0000008c        0x8 ../DE2_115_NIOS_HOST_MOUSE_VGA_bsp/\libhal_bsp.a(alt_exception_entry.o)
 *(.exceptions.soft.user)
 *(.exceptions.soft)
 *(.exceptions.unknown.user)
 *(.exceptions.unknown)
 .exceptions.unknown
                0x00000094        0x4 ../DE2_115_NIOS_HOST_MOUSE_VGA_bsp/\libhal_bsp.a(alt_exception_entry.o)
 *(.exceptions.exit.label)
 .exceptions.exit.label
                0x00000098        0x0 ../DE2_115_NIOS_HOST_MOUSE_VGA_bsp/\libhal_bsp.a(alt_irq_entry.o)
 .exceptions.exit.label
                0x00000098        0x0 ../DE2_115_NIOS_HOST_MOUSE_VGA_bsp/\libhal_bsp.a(alt_exception_entry.o)
 *(.exceptions.exit.user)
 *(.exceptions.exit)
 .exceptions.exit
                0x00000098       0x54 ../DE2_115_NIOS_HOST_MOUSE_VGA_bsp/\libhal_bsp.a(alt_exception_entry.o)
 *(.exceptions)
 .exceptions    0x000000ec       0xc8 ../DE2_115_NIOS_HOST_MOUSE_VGA_bsp/\libhal_bsp.a(alt_irq_handler.o)
                0x000000ec                alt_irq_handler
                0x000001b4                PROVIDE (__ram_exceptions_end, ABSOLUTE (.))
                0x00000020                PROVIDE (__flash_exceptions_start, LOADADDR (.exceptions))

.text           0x000001b4    0x17728
                0x000001b4                PROVIDE (stext, ABSOLUTE (.))
 *(.interp)
 *(.hash)
 *(.dynsym)
 *(.dynstr)
 *(.gnu.version)
 *(.gnu.version_d)
 *(.gnu.version_r)
 *(.rel.init)
 *(.rela.init)
 *(.rel.text .rel.text.* .rel.gnu.linkonce.t.*)
 *(.rela.text .rela.text.* .rela.gnu.linkonce.t.*)
 *(.rel.fini)
 *(.rela.fini)
 *(.rel.rodata .rel.rodata.* .rel.gnu.linkonce.r.*)
 *(.rela.rodata .rela.rodata.* .rela.gnu.linkonce.r.*)
 *(.rel.data .rel.data.* .rel.gnu.linkonce.d.*)
 *(.rela.data .rela.data.* .rela.gnu.linkonce.d.*)
 *(.rel.tdata .rel.tdata.* .rel.gnu.linkonce.td.*)
 *(.rela.tdata .rela.tdata.* .rela.gnu.linkonce.td.*)
 *(.rel.tbss .rel.tbss.* .rel.gnu.linkonce.tb.*)
 *(.rela.tbss .rela.tbss.* .rela.gnu.linkonce.tb.*)
 *(.rel.ctors)
 *(.rela.ctors)
 *(.rel.dtors)
 *(.rela.dtors)
 *(.rel.got)
 *(.rela.got)
 *(.rel.sdata .rel.sdata.* .rel.gnu.linkonce.s.*)
 *(.rela.sdata .rela.sdata.* .rela.gnu.linkonce.s.*)
 *(.rel.sbss .rel.sbss.* .rel.gnu.linkonce.sb.*)
 *(.rela.sbss .rela.sbss.* .rela.gnu.linkonce.sb.*)
 *(.rel.sdata2 .rel.sdata2.* .rel.gnu.linkonce.s2.*)
 *(.rela.sdata2 .rela.sdata2.* .rela.gnu.linkonce.s2.*)
 *(.rel.sbss2 .rel.sbss2.* .rel.gnu.linkonce.sb2.*)
 *(.rela.sbss2 .rela.sbss2.* .rela.gnu.linkonce.sb2.*)
 *(.rel.bss .rel.bss.* .rel.gnu.linkonce.b.*)
 *(.rela.bss .rela.bss.* .rela.gnu.linkonce.b.*)
 *(.rel.plt)
 *(.rela.plt)
 *(.rel.dyn)
 *(.init)
 *(.plt)
 *(.text .stub .text.* .gnu.linkonce.t.*)
 .text          0x000001b4       0x4c ../DE2_115_NIOS_HOST_MOUSE_VGA_bsp//obj/HAL/src/crt0.o
                0x000001b4                _start
 .text          0x00000200     0x476c obj/default/DE2_115_NIOS_HOST_MOUSE_VGA.o
                0x00000200                maxmin
                0x00000254                Vga_clear_screen
                0x000002dc                delay
                0x00000340                InitXY
                0x0000055c                VGA_line
                0x0000080c                min_path
                0x00000a24                shortestPathFind
                0x00000ea8                main
                0x0000482c                UsbWrite
                0x00004870                UsbRead
                0x000048b0                UsbSoftReset
 .text          0x0000496c      0x1ec obj/default/LCD.o
                0x0000496c                LCD_Init
                0x00004a08                LCD_Show_Text
                0x00004a90                LCD_Line2
                0x00004acc                LCD_Test
 .text          0x00004b58      0x2d8 obj/default/SEG7.o
                0x00004b58                SEG7_Clear
                0x00004bb0                SEG7_Full
                0x00004c10                SEG7_Number
                0x00004c84                SEG7_Hex
                0x00004d50                SEG7_Decimal
 .text          0x00004e30      0x14c obj/default/VGA.o
                0x00004e30                Set_Cursor_XY
                0x00004e74                Set_Cursor_Color
                0x00004ecc                Set_Pixel_On_Color
                0x00004f24                Set_Pixel_Off_Color
 .text          0x00004f7c       0xf8 c:/altera/11.1sp2/nios2eds/bin/gnu/h-i686-mingw32/bin/../lib/gcc/nios2-elf/4.1.2\libgcc.a(_si_to_df.o)
                0x00004f7c                __floatsidf
 .text          0x00005074      0x14c c:/altera/11.1sp2/nios2eds/bin/gnu/h-i686-mingw32/bin/../lib/gcc/nios2-elf/4.1.2\libgcc.a(lib2-divmod.o)
                0x000050f0                __divsi3
                0x00005150                __modsi3
                0x000051b0                __udivsi3
                0x000051b8                __umodsi3
 .text          0x000051c0       0x80 c:/altera/11.1sp2/nios2eds/bin/gnu/h-i686-mingw32/bin/../lib/gcc/nios2-elf/4.1.2\libgcc.a(_clzsi2.o)
                0x000051c0                __clzsi2
 .text          0x00005240      0x314 c:/altera/11.1sp2/nios2eds/bin/gnu/h-i686-mingw32/bin/../lib/gcc/nios2-elf/4.1.2\libgcc.a(_pack_df.o)
                0x00005240                __pack_d
 .text          0x00005554        0x0 c:/altera/11.1sp2/nios2eds/bin/gnu/h-i686-mingw32/bin/../lib/gcc/nios2-elf/4.1.2\libgcc.a(_clz.o)
 .text          0x00005554       0x78 c:/altera/11.1sp2/nios2eds/bin/gnu/h-i686-mingw32/bin/../lib/gcc/nios2-elf/4.1.2/../../../../nios2-elf/lib\libc.a(lib_a-printf.o)
                0x00005554                printf
                0x00005598                _printf_r
 .text          0x000055cc       0xb4 c:/altera/11.1sp2/nios2eds/bin/gnu/h-i686-mingw32/bin/../lib/gcc/nios2-elf/4.1.2/../../../../nios2-elf/lib\libc.a(lib_a-puts.o)
                0x000055cc                _puts_r
                0x0000566c                puts
 .text          0x00005680       0x7c c:/altera/11.1sp2/nios2eds/bin/gnu/h-i686-mingw32/bin/../lib/gcc/nios2-elf/4.1.2/../../../../nios2-elf/lib\libc.a(lib_a-scanf.o)
                0x00005680                _scanf_r
                0x000056b4                scanf
 .text          0x000056fc       0x74 c:/altera/11.1sp2/nios2eds/bin/gnu/h-i686-mingw32/bin/../lib/gcc/nios2-elf/4.1.2/../../../../nios2-elf/lib\libc.a(lib_a-strlen.o)
                0x000056fc                strlen
 .text          0x00005770     0x1f28 c:/altera/11.1sp2/nios2eds/bin/gnu/h-i686-mingw32/bin/../lib/gcc/nios2-elf/4.1.2/../../../../nios2-elf/lib\libc.a(lib_a-vfprintf.o)
                0x000057c8                ___vfprintf_internal_r
                0x00007674                __vfprintf_internal
 .text          0x00007698     0x1780 c:/altera/11.1sp2/nios2eds/bin/gnu/h-i686-mingw32/bin/../lib/gcc/nios2-elf/4.1.2/../../../../nios2-elf/lib\libc.a(lib_a-vfscanf.o)
                0x00007698                __svfscanf_r
                0x00008d18                __svfscanf
                0x00008d3c                _vfscanf_r
                0x00008da4                vfscanf
 .text          0x00008e18      0x13c c:/altera/11.1sp2/nios2eds/bin/gnu/h-i686-mingw32/bin/../lib/gcc/nios2-elf/4.1.2/../../../../nios2-elf/lib\libc.a(lib_a-wsetup.o)
                0x00008e18                __swsetup_r
 .text          0x00008f54        0x0 c:/altera/11.1sp2/nios2eds/bin/gnu/h-i686-mingw32/bin/../lib/gcc/nios2-elf/4.1.2/../../../../nios2-elf/lib\libc.a(lib_a-ctype_.o)
 .text          0x00008f54     0x17cc c:/altera/11.1sp2/nios2eds/bin/gnu/h-i686-mingw32/bin/../lib/gcc/nios2-elf/4.1.2/../../../../nios2-elf/lib\libc.a(lib_a-dtoa.o)
                0x0000916c                _dtoa_r
 .text          0x0000a720      0x230 c:/altera/11.1sp2/nios2eds/bin/gnu/h-i686-mingw32/bin/../lib/gcc/nios2-elf/4.1.2/../../../../nios2-elf/lib\libc.a(lib_a-fflush.o)
                0x0000a720                _fflush_r
                0x0000a91c                fflush
 .text          0x0000a950      0x2c0 c:/altera/11.1sp2/nios2eds/bin/gnu/h-i686-mingw32/bin/../lib/gcc/nios2-elf/4.1.2/../../../../nios2-elf/lib\libc.a(lib_a-findfp.o)
                0x0000a9a8                __sfp_lock_acquire
                0x0000a9ac                __sfp_lock_release
                0x0000a9b0                __sinit_lock_acquire
                0x0000a9b4                __sinit_lock_release
                0x0000a9b8                __sinit
                0x0000aa6c                __fp_unlock_all
                0x0000aa84                __fp_lock_all
                0x0000aa9c                _cleanup_r
                0x0000aaa8                _cleanup
                0x0000aab8                __sfmoreglue
                0x0000ab20                __sfp
 .text          0x0000ac10      0x23c c:/altera/11.1sp2/nios2eds/bin/gnu/h-i686-mingw32/bin/../lib/gcc/nios2-elf/4.1.2/../../../../nios2-elf/lib\libc.a(lib_a-fread.o)
                0x0000ac10                _fread_r
                0x0000ae0c                fread
 .text          0x0000ae4c      0x440 c:/altera/11.1sp2/nios2eds/bin/gnu/h-i686-mingw32/bin/../lib/gcc/nios2-elf/4.1.2/../../../../nios2-elf/lib\libc.a(lib_a-freer.o)
                0x0000ae4c                _malloc_trim_r
                0x0000af78                _free_r
 .text          0x0000b28c      0x49c c:/altera/11.1sp2/nios2eds/bin/gnu/h-i686-mingw32/bin/../lib/gcc/nios2-elf/4.1.2/../../../../nios2-elf/lib\libc.a(lib_a-fvwrite.o)
                0x0000b28c                __sfvwrite_r
 .text          0x0000b728      0x180 c:/altera/11.1sp2/nios2eds/bin/gnu/h-i686-mingw32/bin/../lib/gcc/nios2-elf/4.1.2/../../../../nios2-elf/lib\libc.a(lib_a-fwalk.o)
                0x0000b728                _fwalk_reent
                0x0000b7f0                _fwalk
 .text          0x0000b8a8        0x0 c:/altera/11.1sp2/nios2eds/bin/gnu/h-i686-mingw32/bin/../lib/gcc/nios2-elf/4.1.2/../../../../nios2-elf/lib\libc.a(lib_a-impure.o)
 .text          0x0000b8a8       0x2c c:/altera/11.1sp2/nios2eds/bin/gnu/h-i686-mingw32/bin/../lib/gcc/nios2-elf/4.1.2/../../../../nios2-elf/lib\libc.a(lib_a-iswspace.o)
                0x0000b8a8                iswspace
 .text          0x0000b8d4       0xc4 c:/altera/11.1sp2/nios2eds/bin/gnu/h-i686-mingw32/bin/../lib/gcc/nios2-elf/4.1.2/../../../../nios2-elf/lib\libc.a(lib_a-locale.o)
                0x0000b8d4                __locale_charset
                0x0000b8dc                _localeconv_r
                0x0000b8e8                localeconv
                0x0000b8f8                _setlocale_r
                0x0000b97c                setlocale
 .text          0x0000b998      0x194 c:/altera/11.1sp2/nios2eds/bin/gnu/h-i686-mingw32/bin/../lib/gcc/nios2-elf/4.1.2/../../../../nios2-elf/lib\libc.a(lib_a-makebuf.o)
                0x0000b998                __smakebuf_r
 .text          0x0000bb2c      0x740 c:/altera/11.1sp2/nios2eds/bin/gnu/h-i686-mingw32/bin/../lib/gcc/nios2-elf/4.1.2/../../../../nios2-elf/lib\libc.a(lib_a-mallocr.o)
                0x0000bb2c                _malloc_r
 .text          0x0000c26c       0xc0 c:/altera/11.1sp2/nios2eds/bin/gnu/h-i686-mingw32/bin/../lib/gcc/nios2-elf/4.1.2/../../../../nios2-elf/lib\libc.a(lib_a-mbrtowc.o)
                0x0000c26c                _mbrtowc_r
                0x0000c2ec                mbrtowc
 .text          0x0000c32c       0x40 c:/altera/11.1sp2/nios2eds/bin/gnu/h-i686-mingw32/bin/../lib/gcc/nios2-elf/4.1.2/../../../../nios2-elf/lib\libc.a(lib_a-mbtowc_r.o)
                0x0000c32c                _mbtowc_r
 .text          0x0000c36c       0xe4 c:/altera/11.1sp2/nios2eds/bin/gnu/h-i686-mingw32/bin/../lib/gcc/nios2-elf/4.1.2/../../../../nios2-elf/lib\libc.a(lib_a-memchr.o)
                0x0000c36c                memchr
 .text          0x0000c450       0xa0 c:/altera/11.1sp2/nios2eds/bin/gnu/h-i686-mingw32/bin/../lib/gcc/nios2-elf/4.1.2/../../../../nios2-elf/lib\libc.a(lib_a-memcpy.o)
                0x0000c450                memcpy
 .text          0x0000c4f0       0xe0 c:/altera/11.1sp2/nios2eds/bin/gnu/h-i686-mingw32/bin/../lib/gcc/nios2-elf/4.1.2/../../../../nios2-elf/lib\libc.a(lib_a-memmove.o)
                0x0000c4f0                memmove
 .text          0x0000c5d0       0x98 c:/altera/11.1sp2/nios2eds/bin/gnu/h-i686-mingw32/bin/../lib/gcc/nios2-elf/4.1.2/../../../../nios2-elf/lib\libc.a(lib_a-memset.o)
                0x0000c5d0                memset
 .text          0x0000c668      0xff4 c:/altera/11.1sp2/nios2eds/bin/gnu/h-i686-mingw32/bin/../lib/gcc/nios2-elf/4.1.2/../../../../nios2-elf/lib\libc.a(lib_a-mprec.o)
                0x0000c668                _Bfree
                0x0000c690                __hi0bits
                0x0000c700                __lo0bits
                0x0000c7c4                __mcmp
                0x0000c824                __ulp
                0x0000c8a4                __b2d
                0x0000c9c4                __ratio
                0x0000ca74                _mprec_log10
                0x0000cb08                __copybits
                0x0000cb60                __any_on
                0x0000cbe8                _Balloc
                0x0000cca4                __d2b
                0x0000ce20                __mdiff
                0x0000cfac                __lshift
                0x0000d0f8                __multiply
                0x0000d2e0                __i2b
                0x0000d31c                __multadd
                0x0000d41c                __pow5mult
                0x0000d53c                __s2b
 .text          0x0000d65c      0x5f4 c:/altera/11.1sp2/nios2eds/bin/gnu/h-i686-mingw32/bin/../lib/gcc/nios2-elf/4.1.2/../../../../nios2-elf/lib\libc.a(lib_a-reallocr.o)
                0x0000d65c                _realloc_r
 .text          0x0000dc50      0x1e0 c:/altera/11.1sp2/nios2eds/bin/gnu/h-i686-mingw32/bin/../lib/gcc/nios2-elf/4.1.2/../../../../nios2-elf/lib\libc.a(lib_a-refill.o)
                0x0000dc50                __srefill_r
 .text          0x0000de30       0x40 c:/altera/11.1sp2/nios2eds/bin/gnu/h-i686-mingw32/bin/../lib/gcc/nios2-elf/4.1.2/../../../../nios2-elf/lib\libc.a(lib_a-s_isinfd.o)
                0x0000de30                __isinfd
 .text          0x0000de70       0x30 c:/altera/11.1sp2/nios2eds/bin/gnu/h-i686-mingw32/bin/../lib/gcc/nios2-elf/4.1.2/../../../../nios2-elf/lib\libc.a(lib_a-s_isnand.o)
                0x0000de70                __isnand
 .text          0x0000dea0       0x70 c:/altera/11.1sp2/nios2eds/bin/gnu/h-i686-mingw32/bin/../lib/gcc/nios2-elf/4.1.2/../../../../nios2-elf/lib\libc.a(lib_a-sbrkr.o)
                0x0000dea0                _sbrk_r
 .text          0x0000df10       0xc0 c:/altera/11.1sp2/nios2eds/bin/gnu/h-i686-mingw32/bin/../lib/gcc/nios2-elf/4.1.2/../../../../nios2-elf/lib\libc.a(lib_a-sccl.o)
                0x0000df10                __sccl
 .text          0x0000dfd0        0x8 c:/altera/11.1sp2/nios2eds/bin/gnu/h-i686-mingw32/bin/../lib/gcc/nios2-elf/4.1.2/../../../../nios2-elf/lib\libc.a(lib_a-sf_nan.o)
                0x0000dfd0                nanf
 .text          0x0000dfd8       0xd4 c:/altera/11.1sp2/nios2eds/bin/gnu/h-i686-mingw32/bin/../lib/gcc/nios2-elf/4.1.2/../../../../nios2-elf/lib\libc.a(lib_a-sprintf.o)
                0x0000dfd8                sprintf
                0x0000e04c                _sprintf_r
 .text          0x0000e0ac      0x14c c:/altera/11.1sp2/nios2eds/bin/gnu/h-i686-mingw32/bin/../lib/gcc/nios2-elf/4.1.2/../../../../nios2-elf/lib\libc.a(lib_a-stdio.o)
                0x0000e0ac                __sclose
                0x0000e0b4                __sseek
                0x0000e11c                __swrite
                0x0000e198                __sread
 .text          0x0000e1f8       0xbc c:/altera/11.1sp2/nios2eds/bin/gnu/h-i686-mingw32/bin/../lib/gcc/nios2-elf/4.1.2/../../../../nios2-elf/lib\libc.a(lib_a-strcmp.o)
                0x0000e1f8                strcmp
 .text          0x0000e2b4     0x166c c:/altera/11.1sp2/nios2eds/bin/gnu/h-i686-mingw32/bin/../lib/gcc/nios2-elf/4.1.2/../../../../nios2-elf/lib\libc.a(lib_a-strtod.o)
                0x0000e2fc                _strtod_r
                0x0000f7e0                strtof
                0x0000f904                strtod
 .text          0x0000f920      0x268 c:/altera/11.1sp2/nios2eds/bin/gnu/h-i686-mingw32/bin/../lib/gcc/nios2-elf/4.1.2/../../../../nios2-elf/lib\libc.a(lib_a-strtol.o)
                0x0000f920                _strtol_r
                0x0000fb64                strtol
 .text          0x0000fb88      0x318 c:/altera/11.1sp2/nios2eds/bin/gnu/h-i686-mingw32/bin/../lib/gcc/nios2-elf/4.1.2/../../../../nios2-elf/lib\libc.a(lib_a-strtoll_r.o)
                0x0000fb88                _strtoll_r
 .text          0x0000fea0      0x254 c:/altera/11.1sp2/nios2eds/bin/gnu/h-i686-mingw32/bin/../lib/gcc/nios2-elf/4.1.2/../../../../nios2-elf/lib\libc.a(lib_a-strtoul.o)
                0x0000fea0                _strtoul_r
                0x000100d0                strtoul
 .text          0x000100f4      0x2f0 c:/altera/11.1sp2/nios2eds/bin/gnu/h-i686-mingw32/bin/../lib/gcc/nios2-elf/4.1.2/../../../../nios2-elf/lib\libc.a(lib_a-strtoull_r.o)
                0x000100f4                _strtoull_r
 .text          0x000103e4      0x294 c:/altera/11.1sp2/nios2eds/bin/gnu/h-i686-mingw32/bin/../lib/gcc/nios2-elf/4.1.2/../../../../nios2-elf/lib\libc.a(lib_a-ungetc.o)
                0x000103e4                __submore
                0x000104c0                _ungetc_r
                0x0001065c                ungetc
 .text          0x00010678       0x78 c:/altera/11.1sp2/nios2eds/bin/gnu/h-i686-mingw32/bin/../lib/gcc/nios2-elf/4.1.2/../../../../nios2-elf/lib\libc.a(lib_a-writer.o)
                0x00010678                _write_r
 .text          0x000106f0       0xb4 c:/altera/11.1sp2/nios2eds/bin/gnu/h-i686-mingw32/bin/../lib/gcc/nios2-elf/4.1.2/../../../../nios2-elf/lib\libc.a(lib_a-callocr.o)
                0x000106f0                _calloc_r
 .text          0x000107a4       0x70 c:/altera/11.1sp2/nios2eds/bin/gnu/h-i686-mingw32/bin/../lib/gcc/nios2-elf/4.1.2/../../../../nios2-elf/lib\libc.a(lib_a-closer.o)
                0x000107a4                _close_r
 .text          0x00010814      0x124 c:/altera/11.1sp2/nios2eds/bin/gnu/h-i686-mingw32/bin/../lib/gcc/nios2-elf/4.1.2/../../../../nios2-elf/lib\libc.a(lib_a-fclose.o)
                0x00010814                _fclose_r
                0x00010924                fclose
 .text          0x00010938       0x74 c:/altera/11.1sp2/nios2eds/bin/gnu/h-i686-mingw32/bin/../lib/gcc/nios2-elf/4.1.2/../../../../nios2-elf/lib\libc.a(lib_a-fstatr.o)
                0x00010938                _fstat_r
 .text          0x000109ac      0x8f4 c:/altera/11.1sp2/nios2eds/bin/gnu/h-i686-mingw32/bin/../lib/gcc/nios2-elf/4.1.2/../../../../nios2-elf/lib\libc.a(lib_a-gdtoa-gethex.o)
                0x000109d0                __hexdig_init
                0x00010ae8                __gethex
 .text          0x000112a0      0x294 c:/altera/11.1sp2/nios2eds/bin/gnu/h-i686-mingw32/bin/../lib/gcc/nios2-elf/4.1.2/../../../../nios2-elf/lib\libc.a(lib_a-gdtoa-hexnan.o)
                0x000112ec                __hexnan
 .text          0x00011534        0x0 c:/altera/11.1sp2/nios2eds/bin/gnu/h-i686-mingw32/bin/../lib/gcc/nios2-elf/4.1.2/../../../../nios2-elf/lib\libc.a(lib_a-int_errno.o)
 .text          0x00011534       0x70 c:/altera/11.1sp2/nios2eds/bin/gnu/h-i686-mingw32/bin/../lib/gcc/nios2-elf/4.1.2/../../../../nios2-elf/lib\libc.a(lib_a-isattyr.o)
                0x00011534                _isatty_r
 .text          0x000115a4       0x78 c:/altera/11.1sp2/nios2eds/bin/gnu/h-i686-mingw32/bin/../lib/gcc/nios2-elf/4.1.2/../../../../nios2-elf/lib\libc.a(lib_a-lseekr.o)
                0x000115a4                _lseek_r
 .text          0x0001161c       0x78 c:/altera/11.1sp2/nios2eds/bin/gnu/h-i686-mingw32/bin/../lib/gcc/nios2-elf/4.1.2/../../../../nios2-elf/lib\libc.a(lib_a-readr.o)
                0x0001161c                _read_r
 .text          0x00011694       0x98 c:/altera/11.1sp2/nios2eds/bin/gnu/h-i686-mingw32/bin/../lib/gcc/nios2-elf/4.1.2\libgcc.a(_muldi3.o)
                0x00011694                __muldi3
 .text          0x0001172c       0xa4 c:/altera/11.1sp2/nios2eds/bin/gnu/h-i686-mingw32/bin/../lib/gcc/nios2-elf/4.1.2\libgcc.a(_fixunsdfsi.o)
                0x0001172c                __fixunsdfsi
 .text          0x000117d0      0x5dc c:/altera/11.1sp2/nios2eds/bin/gnu/h-i686-mingw32/bin/../lib/gcc/nios2-elf/4.1.2\libgcc.a(_udivdi3.o)
                0x000117d0                __udivdi3
 .text          0x00011dac      0x5b0 c:/altera/11.1sp2/nios2eds/bin/gnu/h-i686-mingw32/bin/../lib/gcc/nios2-elf/4.1.2\libgcc.a(_umoddi3.o)
                0x00011dac                __umoddi3
 .text          0x0001235c       0x78 c:/altera/11.1sp2/nios2eds/bin/gnu/h-i686-mingw32/bin/../lib/gcc/nios2-elf/4.1.2\libgcc.a(_ne_sf.o)
                0x0001235c                __nesf2
 .text          0x000123d4       0x78 c:/altera/11.1sp2/nios2eds/bin/gnu/h-i686-mingw32/bin/../lib/gcc/nios2-elf/4.1.2\libgcc.a(_gt_sf.o)
                0x000123d4                __gtsf2
 .text          0x0001244c       0x78 c:/altera/11.1sp2/nios2eds/bin/gnu/h-i686-mingw32/bin/../lib/gcc/nios2-elf/4.1.2\libgcc.a(_lt_sf.o)
                0x0001244c                __ltsf2
 .text          0x000124c4      0x504 c:/altera/11.1sp2/nios2eds/bin/gnu/h-i686-mingw32/bin/../lib/gcc/nios2-elf/4.1.2\libgcc.a(_addsub_df.o)
                0x000128d4                __subdf3
                0x00012954                __adddf3
 .text          0x000129c8      0x3c4 c:/altera/11.1sp2/nios2eds/bin/gnu/h-i686-mingw32/bin/../lib/gcc/nios2-elf/4.1.2\libgcc.a(_mul_df.o)
                0x000129c8                __muldf3
 .text          0x00012d8c      0x258 c:/altera/11.1sp2/nios2eds/bin/gnu/h-i686-mingw32/bin/../lib/gcc/nios2-elf/4.1.2\libgcc.a(_div_df.o)
                0x00012d8c                __divdf3
 .text          0x00012fe4       0x88 c:/altera/11.1sp2/nios2eds/bin/gnu/h-i686-mingw32/bin/../lib/gcc/nios2-elf/4.1.2\libgcc.a(_eq_df.o)
                0x00012fe4                __eqdf2
 .text          0x0001306c       0x88 c:/altera/11.1sp2/nios2eds/bin/gnu/h-i686-mingw32/bin/../lib/gcc/nios2-elf/4.1.2\libgcc.a(_ne_df.o)
                0x0001306c                __nedf2
 .text          0x000130f4       0x88 c:/altera/11.1sp2/nios2eds/bin/gnu/h-i686-mingw32/bin/../lib/gcc/nios2-elf/4.1.2\libgcc.a(_gt_df.o)
                0x000130f4                __gtdf2
 .text          0x0001317c       0x88 c:/altera/11.1sp2/nios2eds/bin/gnu/h-i686-mingw32/bin/../lib/gcc/nios2-elf/4.1.2\libgcc.a(_ge_df.o)
                0x0001317c                __gedf2
 .text          0x00013204       0x88 c:/altera/11.1sp2/nios2eds/bin/gnu/h-i686-mingw32/bin/../lib/gcc/nios2-elf/4.1.2\libgcc.a(_lt_df.o)
                0x00013204                __ltdf2
 .text          0x0001328c       0x88 c:/altera/11.1sp2/nios2eds/bin/gnu/h-i686-mingw32/bin/../lib/gcc/nios2-elf/4.1.2\libgcc.a(_le_df.o)
                0x0001328c                __ledf2
 .text          0x00013314       0xd8 c:/altera/11.1sp2/nios2eds/bin/gnu/h-i686-mingw32/bin/../lib/gcc/nios2-elf/4.1.2\libgcc.a(_df_to_si.o)
                0x00013314                __fixdfsi
 .text          0x000133ec       0x74 c:/altera/11.1sp2/nios2eds/bin/gnu/h-i686-mingw32/bin/../lib/gcc/nios2-elf/4.1.2\libgcc.a(_df_to_sf.o)
                0x000133ec                __truncdfsf2
 .text          0x00013460        0x0 c:/altera/11.1sp2/nios2eds/bin/gnu/h-i686-mingw32/bin/../lib/gcc/nios2-elf/4.1.2\libgcc.a(_thenan_df.o)
 .text          0x00013460      0x194 c:/altera/11.1sp2/nios2eds/bin/gnu/h-i686-mingw32/bin/../lib/gcc/nios2-elf/4.1.2\libgcc.a(_usi_to_df.o)
                0x00013460                __floatunsidf
 .text          0x000135f4       0xc8 c:/altera/11.1sp2/nios2eds/bin/gnu/h-i686-mingw32/bin/../lib/gcc/nios2-elf/4.1.2\libgcc.a(_unpack_sf.o)
                0x000135f4                __unpack_f
 .text          0x000136bc       0xa8 c:/altera/11.1sp2/nios2eds/bin/gnu/h-i686-mingw32/bin/../lib/gcc/nios2-elf/4.1.2\libgcc.a(_fpcmp_parts_sf.o)
                0x000136bc                __fpcmp_parts_f
 .text          0x00013764       0x2c c:/altera/11.1sp2/nios2eds/bin/gnu/h-i686-mingw32/bin/../lib/gcc/nios2-elf/4.1.2\libgcc.a(_make_sf.o)
                0x00013764                __make_fp
 .text          0x00013790      0x138 c:/altera/11.1sp2/nios2eds/bin/gnu/h-i686-mingw32/bin/../lib/gcc/nios2-elf/4.1.2\libgcc.a(_unpack_df.o)
                0x00013790                __unpack_d
 .text          0x000138c8       0xc8 c:/altera/11.1sp2/nios2eds/bin/gnu/h-i686-mingw32/bin/../lib/gcc/nios2-elf/4.1.2\libgcc.a(_fpcmp_parts_df.o)
                0x000138c8                __fpcmp_parts_d
 .text          0x00013990      0x160 c:/altera/11.1sp2/nios2eds/bin/gnu/h-i686-mingw32/bin/../lib/gcc/nios2-elf/4.1.2\libgcc.a(_pack_sf.o)
                0x00013990                __pack_f
 .text          0x00013af0      0x15c ../DE2_115_NIOS_HOST_MOUSE_VGA_bsp/\libhal_bsp.a(alt_close.o)
                0x00013af0                close
 .text          0x00013c4c       0x2c ../DE2_115_NIOS_HOST_MOUSE_VGA_bsp/\libhal_bsp.a(alt_dev.o)
 .text          0x00013c78        0x0 ../DE2_115_NIOS_HOST_MOUSE_VGA_bsp/\libhal_bsp.a(alt_errno.o)
 .text          0x00013c78      0x134 ../DE2_115_NIOS_HOST_MOUSE_VGA_bsp/\libhal_bsp.a(alt_fstat.o)
                0x00013c78                fstat
 .text          0x00013dac      0x21c ../DE2_115_NIOS_HOST_MOUSE_VGA_bsp/\libhal_bsp.a(alt_gettod.o)
                0x00013dac                gettimeofday
 .text          0x00013fc8      0x120 ../DE2_115_NIOS_HOST_MOUSE_VGA_bsp/\libhal_bsp.a(alt_isatty.o)
                0x00013fc8                isatty
 .text          0x000140e8       0xec ../DE2_115_NIOS_HOST_MOUSE_VGA_bsp/\libhal_bsp.a(alt_load.o)
                0x000140e8                alt_load
 .text          0x000141d4      0x150 ../DE2_115_NIOS_HOST_MOUSE_VGA_bsp/\libhal_bsp.a(alt_lseek.o)
                0x000141d4                lseek
 .text          0x00014324       0x6c ../DE2_115_NIOS_HOST_MOUSE_VGA_bsp/\libhal_bsp.a(alt_main.o)
                0x00014324                alt_main
 .text          0x00014390       0x40 ../DE2_115_NIOS_HOST_MOUSE_VGA_bsp/\libhal_bsp.a(alt_malloc_lock.o)
                0x00014390                __malloc_lock
                0x000143b0                __malloc_unlock
 .text          0x000143d0      0x180 ../DE2_115_NIOS_HOST_MOUSE_VGA_bsp/\libhal_bsp.a(alt_read.o)
                0x000143d0                read
 .text          0x00014550       0x60 ../DE2_115_NIOS_HOST_MOUSE_VGA_bsp/\libhal_bsp.a(alt_release_fd.o)
                0x00014550                alt_release_fd
 .text          0x000145b0       0xbc ../DE2_115_NIOS_HOST_MOUSE_VGA_bsp/\libhal_bsp.a(alt_sbrk.o)
                0x000145b0                sbrk
 .text          0x0001466c      0x1a4 ../DE2_115_NIOS_HOST_MOUSE_VGA_bsp/\libhal_bsp.a(alt_tick.o)
                0x0001466c                alt_alarm_stop
                0x00014704                alt_tick
 .text          0x00014810       0x30 ../DE2_115_NIOS_HOST_MOUSE_VGA_bsp/\libhal_bsp.a(alt_usleep.o)
                0x00014810                usleep
 .text          0x00014840      0x180 ../DE2_115_NIOS_HOST_MOUSE_VGA_bsp/\libhal_bsp.a(alt_write.o)
                0x00014840                write
 .text          0x000149c0       0xe0 ../DE2_115_NIOS_HOST_MOUSE_VGA_bsp/\libhal_bsp.a(alt_sys_init.o)
                0x000149c0                alt_irq_init
                0x000149f4                alt_sys_init
 .text          0x00014aa0      0x148 ../DE2_115_NIOS_HOST_MOUSE_VGA_bsp/\libhal_bsp.a(altera_avalon_jtag_uart_fd.o)
                0x00014aa0                altera_avalon_jtag_uart_read_fd
                0x00014af8                altera_avalon_jtag_uart_write_fd
                0x00014b50                altera_avalon_jtag_uart_close_fd
                0x00014b98                altera_avalon_jtag_uart_ioctl_fd
 .text          0x00014be8      0x40c ../DE2_115_NIOS_HOST_MOUSE_VGA_bsp/\libhal_bsp.a(altera_avalon_jtag_uart_init.o)
                0x00014be8                altera_avalon_jtag_uart_init
                0x00014f80                altera_avalon_jtag_uart_close
 .text          0x00014ff4       0xf4 ../DE2_115_NIOS_HOST_MOUSE_VGA_bsp/\libhal_bsp.a(altera_avalon_jtag_uart_ioctl.o)
                0x00014ff4                altera_avalon_jtag_uart_ioctl
 .text          0x000150e8      0x224 ../DE2_115_NIOS_HOST_MOUSE_VGA_bsp/\libhal_bsp.a(altera_avalon_jtag_uart_read.o)
                0x000150e8                altera_avalon_jtag_uart_read
 .text          0x0001530c      0x240 ../DE2_115_NIOS_HOST_MOUSE_VGA_bsp/\libhal_bsp.a(altera_avalon_jtag_uart_write.o)
                0x0001530c                altera_avalon_jtag_uart_write
 .text          0x0001554c      0xee8 ../DE2_115_NIOS_HOST_MOUSE_VGA_bsp/\libhal_bsp.a(altera_avalon_lcd_16207.o)
                0x00015d20                altera_avalon_lcd_16207_write
                0x000162f8                altera_avalon_lcd_16207_init
 .text          0x00016434       0x58 ../DE2_115_NIOS_HOST_MOUSE_VGA_bsp/\libhal_bsp.a(altera_avalon_lcd_16207_fd.o)
                0x00016434                altera_avalon_lcd_16207_write_fd
 .text          0x0001648c      0x100 ../DE2_115_NIOS_HOST_MOUSE_VGA_bsp/\libhal_bsp.a(altera_avalon_timer_sc.o)
                0x000164fc                alt_avalon_timer_sc_init
 .text          0x0001658c      0x154 ../DE2_115_NIOS_HOST_MOUSE_VGA_bsp/\libhal_bsp.a(alt_alarm_start.o)
                0x0001658c                alt_alarm_start
 .text          0x000166e0      0x14c ../DE2_115_NIOS_HOST_MOUSE_VGA_bsp/\libhal_bsp.a(alt_busy_sleep.o)
                0x000166e0                alt_busy_sleep
 .text          0x0001682c       0x44 ../DE2_115_NIOS_HOST_MOUSE_VGA_bsp/\libhal_bsp.a(alt_dcache_flush_all.o)
                0x0001682c                alt_dcache_flush_all
 .text          0x00016870      0x114 ../DE2_115_NIOS_HOST_MOUSE_VGA_bsp/\libhal_bsp.a(alt_dev_llist_insert.o)
                0x00016870                alt_dev_llist_insert
 .text          0x00016984       0x64 ../DE2_115_NIOS_HOST_MOUSE_VGA_bsp/\libhal_bsp.a(alt_do_ctors.o)
                0x00016984                _do_ctors
 .text          0x000169e8       0x64 ../DE2_115_NIOS_HOST_MOUSE_VGA_bsp/\libhal_bsp.a(alt_do_dtors.o)
                0x000169e8                _do_dtors
 .text          0x00016a4c       0x30 ../DE2_115_NIOS_HOST_MOUSE_VGA_bsp/\libhal_bsp.a(alt_icache_flush_all.o)
                0x00016a4c                alt_icache_flush_all
 .text          0x00016a7c      0x1d4 ../DE2_115_NIOS_HOST_MOUSE_VGA_bsp/\libhal_bsp.a(alt_iic.o)
                0x00016a7c                alt_ic_isr_register
                0x00016acc                alt_ic_irq_enable
                0x00016b68                alt_ic_irq_disable
                0x00016c08                alt_ic_irq_enabled
 .text          0x00016c50       0xf8 ../DE2_115_NIOS_HOST_MOUSE_VGA_bsp/\libhal_bsp.a(alt_iic_isr_register.o)
                0x00016c50                alt_iic_isr_register
 .text          0x00016d48      0x13c ../DE2_115_NIOS_HOST_MOUSE_VGA_bsp/\libhal_bsp.a(alt_io_redirect.o)
                0x00016e0c                alt_io_redirect
 .text          0x00016e84        0x0 ../DE2_115_NIOS_HOST_MOUSE_VGA_bsp/\libhal_bsp.a(alt_irq_entry.o)
 .text          0x00016e84        0x0 ../DE2_115_NIOS_HOST_MOUSE_VGA_bsp/\libhal_bsp.a(alt_irq_handler.o)
 .text          0x00016e84        0x0 ../DE2_115_NIOS_HOST_MOUSE_VGA_bsp/\libhal_bsp.a(alt_irq_vars.o)
 .text          0x00016e84      0x2c4 ../DE2_115_NIOS_HOST_MOUSE_VGA_bsp/\libhal_bsp.a(alt_open.o)
                0x00016f60                open
 .text          0x00017148       0x20 ../DE2_115_NIOS_HOST_MOUSE_VGA_bsp/\libhal_bsp.a(altera_nios2_qsys_irq.o)
                0x00017148                altera_nios2_qsys_irq_init
 .text          0x00017168        0x0 ../DE2_115_NIOS_HOST_MOUSE_VGA_bsp/\libhal_bsp.a(alt_exception_entry.o)
 .text          0x00017168       0x94 ../DE2_115_NIOS_HOST_MOUSE_VGA_bsp/\libhal_bsp.a(alt_find_dev.o)
                0x00017168                alt_find_dev
 .text          0x000171fc      0x120 ../DE2_115_NIOS_HOST_MOUSE_VGA_bsp/\libhal_bsp.a(alt_find_file.o)
                0x000171fc                alt_find_file
 .text          0x0001731c       0xb8 ../DE2_115_NIOS_HOST_MOUSE_VGA_bsp/\libhal_bsp.a(alt_get_fd.o)
                0x0001731c                alt_get_fd
 .text          0x000173d4       0x90 ../DE2_115_NIOS_HOST_MOUSE_VGA_bsp/\libhal_bsp.a(alt_icache_flush.o)
                0x000173d4                alt_icache_flush
 .text          0x00017464       0x14 c:/altera/11.1sp2/nios2eds/bin/gnu/h-i686-mingw32/bin/../lib/gcc/nios2-elf/4.1.2/../../../../nios2-elf/lib\libc.a(lib_a-atexit.o)
                0x00017464                atexit
 .text          0x00017478       0x38 c:/altera/11.1sp2/nios2eds/bin/gnu/h-i686-mingw32/bin/../lib/gcc/nios2-elf/4.1.2/../../../../nios2-elf/lib\libc.a(lib_a-exit.o)
                0x00017478                exit
 .text          0x000174b0       0x74 c:/altera/11.1sp2/nios2eds/bin/gnu/h-i686-mingw32/bin/../lib/gcc/nios2-elf/4.1.2/../../../../nios2-elf/lib\libc.a(lib_a-memcmp.o)
                0x000174b0                memcmp
 .text          0x00017524      0x134 c:/altera/11.1sp2/nios2eds/bin/gnu/h-i686-mingw32/bin/../lib/gcc/nios2-elf/4.1.2/../../../../nios2-elf/lib\libc.a(lib_a-__atexit.o)
                0x00017524                __register_exitproc
 .text          0x00017658      0x1b4 c:/altera/11.1sp2/nios2eds/bin/gnu/h-i686-mingw32/bin/../lib/gcc/nios2-elf/4.1.2/../../../../nios2-elf/lib\libc.a(lib_a-__call_atexit.o)
                0x0001765c                __call_exitprocs
 .text          0x0001780c       0x60 ../DE2_115_NIOS_HOST_MOUSE_VGA_bsp/\libhal_bsp.a(alt_exit.o)
                0x0001784c                _exit
 *(.gnu.warning.*)
 *(.fini)
                0x0001786c                PROVIDE (__etext, ABSOLUTE (.))
                0x0001786c                PROVIDE (_etext, ABSOLUTE (.))
                0x0001786c                PROVIDE (etext, ABSOLUTE (.))
 *(.eh_frame_hdr)
                0x0001786c                . = ALIGN (0x4)
                0x0001786c                PROVIDE (__preinit_array_start, ABSOLUTE (.))
 *(.preinit_array)
                0x0001786c                PROVIDE (__preinit_array_end, ABSOLUTE (.))
                0x0001786c                PROVIDE (__init_array_start, ABSOLUTE (.))
 *(.init_array)
                0x0001786c                PROVIDE (__init_array_end, ABSOLUTE (.))
                0x0001786c                PROVIDE (__fini_array_start, ABSOLUTE (.))
 *(.fini_array)
                0x0001786c                PROVIDE (__fini_array_end, ABSOLUTE (.))
 *(.eh_frame)
 .eh_frame      0x0001786c       0x40 c:/altera/11.1sp2/nios2eds/bin/gnu/h-i686-mingw32/bin/../lib/gcc/nios2-elf/4.1.2\libgcc.a(_udivdi3.o)
 .eh_frame      0x000178ac       0x2c c:/altera/11.1sp2/nios2eds/bin/gnu/h-i686-mingw32/bin/../lib/gcc/nios2-elf/4.1.2\libgcc.a(_umoddi3.o)
                                 0x40 (size before relaxing)
 *(.gcc_except_table)
 *(.dynamic)
                0x000178d8                PROVIDE (__CTOR_LIST__, ABSOLUTE (.))
 *(.ctors)
 *(SORT(.ctors.*))
 .ctors.65535   0x000178d8        0x4 c:/altera/11.1sp2/nios2eds/bin/gnu/h-i686-mingw32/bin/../lib/gcc/nios2-elf/4.1.2/../../../../nios2-elf/lib\libc.a(lib_a-__call_atexit.o)
                0x000178dc                PROVIDE (__CTOR_END__, ABSOLUTE (.))
                0x000178dc                PROVIDE (__DTOR_LIST__, ABSOLUTE (.))
 *(.dtors)
 *(SORT(.dtors.*))
                0x000178dc                PROVIDE (__DTOR_END__, ABSOLUTE (.))
 *(.jcr)
                0x000178dc                . = ALIGN (0x4)

.rodata         0x000178dc     0x1000
                0x000178dc                PROVIDE (__ram_rodata_start, ABSOLUTE (.))
                0x000178dc                . = ALIGN (0x4)
 *(.rodata .rodata.* .gnu.linkonce.r.*)
 .rodata        0x000178dc      0x990 obj/default/DE2_115_NIOS_HOST_MOUSE_VGA.o
 .rodata        0x0001826c       0x28 obj/default/LCD.o
 .rodata        0x00018294      0x100 c:/altera/11.1sp2/nios2eds/bin/gnu/h-i686-mingw32/bin/../lib/gcc/nios2-elf/4.1.2\libgcc.a(_clz.o)
                0x00018294                __clz_tab
 .rodata.str1.4
                0x00018394        0x2 c:/altera/11.1sp2/nios2eds/bin/gnu/h-i686-mingw32/bin/../lib/gcc/nios2-elf/4.1.2/../../../../nios2-elf/lib\libc.a(lib_a-puts.o)
                                  0x4 (size before relaxing)
 *fill*         0x00018396        0x2 00
 .rodata.str1.4
                0x00018398       0x5e c:/altera/11.1sp2/nios2eds/bin/gnu/h-i686-mingw32/bin/../lib/gcc/nios2-elf/4.1.2/../../../../nios2-elf/lib\libc.a(lib_a-vfprintf.o)
                                 0x60 (size before relaxing)
 .rodata        0x000183f6       0x20 c:/altera/11.1sp2/nios2eds/bin/gnu/h-i686-mingw32/bin/../lib/gcc/nios2-elf/4.1.2/../../../../nios2-elf/lib\libc.a(lib_a-vfprintf.o)
 *fill*         0x00018416        0x2 00
 .rodata.str1.4
                0x00018418        0x5 c:/altera/11.1sp2/nios2eds/bin/gnu/h-i686-mingw32/bin/../lib/gcc/nios2-elf/4.1.2/../../../../nios2-elf/lib\libc.a(lib_a-vfscanf.o)
                                  0x8 (size before relaxing)
 *fill*         0x0001841d        0x1 00
 .rodata        0x0001841e       0x22 c:/altera/11.1sp2/nios2eds/bin/gnu/h-i686-mingw32/bin/../lib/gcc/nios2-elf/4.1.2/../../../../nios2-elf/lib\libc.a(lib_a-vfscanf.o)
 .rodata        0x00018440      0x281 c:/altera/11.1sp2/nios2eds/bin/gnu/h-i686-mingw32/bin/../lib/gcc/nios2-elf/4.1.2/../../../../nios2-elf/lib\libc.a(lib_a-ctype_.o)
                0x00018440                _ctype_
 *fill*         0x000186c1        0x3 00
 .rodata.str1.4
                0x000186c4       0x10 c:/altera/11.1sp2/nios2eds/bin/gnu/h-i686-mingw32/bin/../lib/gcc/nios2-elf/4.1.2/../../../../nios2-elf/lib\libc.a(lib_a-dtoa.o)
                                 0x14 (size before relaxing)
 .rodata.str1.4
                0x000186d4        0x2 c:/altera/11.1sp2/nios2eds/bin/gnu/h-i686-mingw32/bin/../lib/gcc/nios2-elf/4.1.2/../../../../nios2-elf/lib\libc.a(lib_a-impure.o)
                                  0x4 (size before relaxing)
 *fill*         0x000186d6        0x2 00
 .rodata.str1.4
                0x000186d8        0xf c:/altera/11.1sp2/nios2eds/bin/gnu/h-i686-mingw32/bin/../lib/gcc/nios2-elf/4.1.2/../../../../nios2-elf/lib\libc.a(lib_a-locale.o)
                                 0x18 (size before relaxing)
 *fill*         0x000186e7        0x1 00
 .rodata        0x000186e8       0x30 c:/altera/11.1sp2/nios2eds/bin/gnu/h-i686-mingw32/bin/../lib/gcc/nios2-elf/4.1.2/../../../../nios2-elf/lib\libc.a(lib_a-locale.o)
 .rodata.str1.4
                0x00000000        0x4 c:/altera/11.1sp2/nios2eds/bin/gnu/h-i686-mingw32/bin/../lib/gcc/nios2-elf/4.1.2/../../../../nios2-elf/lib\libc.a(lib_a-mbrtowc.o)
 .rodata        0x00018718      0x124 c:/altera/11.1sp2/nios2eds/bin/gnu/h-i686-mingw32/bin/../lib/gcc/nios2-elf/4.1.2/../../../../nios2-elf/lib\libc.a(lib_a-mprec.o)
                0x00018718                __mprec_tens
                0x000187e0                __mprec_bigtens
                0x00018808                __mprec_tinytens
 .rodata.str1.4
                0x0001883c        0xf c:/altera/11.1sp2/nios2eds/bin/gnu/h-i686-mingw32/bin/../lib/gcc/nios2-elf/4.1.2/../../../../nios2-elf/lib\libc.a(lib_a-strtod.o)
                                 0x10 (size before relaxing)
 *fill*         0x0001884b        0x1 00
 .rodata        0x0001884c       0x28 c:/altera/11.1sp2/nios2eds/bin/gnu/h-i686-mingw32/bin/../lib/gcc/nios2-elf/4.1.2/../../../../nios2-elf/lib\libc.a(lib_a-strtod.o)
 .rodata.str1.4
                0x00018874       0x1c c:/altera/11.1sp2/nios2eds/bin/gnu/h-i686-mingw32/bin/../lib/gcc/nios2-elf/4.1.2/../../../../nios2-elf/lib\libc.a(lib_a-gdtoa-gethex.o)
 .rodata        0x00018890       0x14 c:/altera/11.1sp2/nios2eds/bin/gnu/h-i686-mingw32/bin/../lib/gcc/nios2-elf/4.1.2\libgcc.a(_thenan_df.o)
                0x00018890                __thenan_df
 .rodata        0x000188a4        0xc ../DE2_115_NIOS_HOST_MOUSE_VGA_bsp/\libhal_bsp.a(alt_dev.o)
 .rodata        0x000188b0       0x10 ../DE2_115_NIOS_HOST_MOUSE_VGA_bsp/\libhal_bsp.a(alt_main.o)
 .rodata        0x000188c0       0x1c ../DE2_115_NIOS_HOST_MOUSE_VGA_bsp/\libhal_bsp.a(alt_sys_init.o)
 *(.rodata1)
                0x000188dc                . = ALIGN (0x4)
                0x000188dc                PROVIDE (__ram_rodata_end, ABSOLUTE (.))
                0x000178dc                PROVIDE (__flash_rodata_start, LOADADDR (.rodata))

.rwdata         0x000188dc     0x1bbc load address 0x0001a498
                0x000188dc                PROVIDE (__ram_rwdata_start, ABSOLUTE (.))
                0x000188dc                . = ALIGN (0x4)
 *(.got.plt)
 *(.got)
 *(.data1)
 *(.data .data.* .gnu.linkonce.d.*)
 .data          0x000188dc        0x0 ../DE2_115_NIOS_HOST_MOUSE_VGA_bsp//obj/HAL/src/crt0.o
 .data          0x000188dc        0x0 obj/default/DE2_115_NIOS_HOST_MOUSE_VGA.o
 .data          0x000188dc        0x0 obj/default/LCD.o
 .data          0x000188dc       0x10 obj/default/SEG7.o
 .data          0x000188ec        0x0 obj/default/VGA.o
 .data          0x000188ec        0x0 c:/altera/11.1sp2/nios2eds/bin/gnu/h-i686-mingw32/bin/../lib/gcc/nios2-elf/4.1.2\libgcc.a(_si_to_df.o)
 .data          0x000188ec        0x0 c:/altera/11.1sp2/nios2eds/bin/gnu/h-i686-mingw32/bin/../lib/gcc/nios2-elf/4.1.2\libgcc.a(lib2-divmod.o)
 .data          0x000188ec        0x0 c:/altera/11.1sp2/nios2eds/bin/gnu/h-i686-mingw32/bin/../lib/gcc/nios2-elf/4.1.2\libgcc.a(_clzsi2.o)
 .data          0x000188ec        0x0 c:/altera/11.1sp2/nios2eds/bin/gnu/h-i686-mingw32/bin/../lib/gcc/nios2-elf/4.1.2\libgcc.a(_pack_df.o)
 .data          0x000188ec        0x0 c:/altera/11.1sp2/nios2eds/bin/gnu/h-i686-mingw32/bin/../lib/gcc/nios2-elf/4.1.2\libgcc.a(_clz.o)
 .data          0x000188ec        0x0 c:/altera/11.1sp2/nios2eds/bin/gnu/h-i686-mingw32/bin/../lib/gcc/nios2-elf/4.1.2/../../../../nios2-elf/lib\libc.a(lib_a-printf.o)
 .data          0x000188ec        0x0 c:/altera/11.1sp2/nios2eds/bin/gnu/h-i686-mingw32/bin/../lib/gcc/nios2-elf/4.1.2/../../../../nios2-elf/lib\libc.a(lib_a-puts.o)
 .data          0x000188ec        0x0 c:/altera/11.1sp2/nios2eds/bin/gnu/h-i686-mingw32/bin/../lib/gcc/nios2-elf/4.1.2/../../../../nios2-elf/lib\libc.a(lib_a-scanf.o)
 .data          0x000188ec        0x0 c:/altera/11.1sp2/nios2eds/bin/gnu/h-i686-mingw32/bin/../lib/gcc/nios2-elf/4.1.2/../../../../nios2-elf/lib\libc.a(lib_a-strlen.o)
 .data          0x000188ec        0x0 c:/altera/11.1sp2/nios2eds/bin/gnu/h-i686-mingw32/bin/../lib/gcc/nios2-elf/4.1.2/../../../../nios2-elf/lib\libc.a(lib_a-vfprintf.o)
 .data          0x000188ec        0x0 c:/altera/11.1sp2/nios2eds/bin/gnu/h-i686-mingw32/bin/../lib/gcc/nios2-elf/4.1.2/../../../../nios2-elf/lib\libc.a(lib_a-vfscanf.o)
 .data          0x000188ec        0x0 c:/altera/11.1sp2/nios2eds/bin/gnu/h-i686-mingw32/bin/../lib/gcc/nios2-elf/4.1.2/../../../../nios2-elf/lib\libc.a(lib_a-wsetup.o)
 .data          0x000188ec        0x0 c:/altera/11.1sp2/nios2eds/bin/gnu/h-i686-mingw32/bin/../lib/gcc/nios2-elf/4.1.2/../../../../nios2-elf/lib\libc.a(lib_a-ctype_.o)
 .data          0x000188ec        0x0 c:/altera/11.1sp2/nios2eds/bin/gnu/h-i686-mingw32/bin/../lib/gcc/nios2-elf/4.1.2/../../../../nios2-elf/lib\libc.a(lib_a-dtoa.o)
 .data          0x000188ec        0x0 c:/altera/11.1sp2/nios2eds/bin/gnu/h-i686-mingw32/bin/../lib/gcc/nios2-elf/4.1.2/../../../../nios2-elf/lib\libc.a(lib_a-fflush.o)
 .data          0x000188ec        0x0 c:/altera/11.1sp2/nios2eds/bin/gnu/h-i686-mingw32/bin/../lib/gcc/nios2-elf/4.1.2/../../../../nios2-elf/lib\libc.a(lib_a-findfp.o)
 .data          0x000188ec        0x0 c:/altera/11.1sp2/nios2eds/bin/gnu/h-i686-mingw32/bin/../lib/gcc/nios2-elf/4.1.2/../../../../nios2-elf/lib\libc.a(lib_a-fread.o)
 .data          0x000188ec        0x0 c:/altera/11.1sp2/nios2eds/bin/gnu/h-i686-mingw32/bin/../lib/gcc/nios2-elf/4.1.2/../../../../nios2-elf/lib\libc.a(lib_a-freer.o)
 .data          0x000188ec        0x0 c:/altera/11.1sp2/nios2eds/bin/gnu/h-i686-mingw32/bin/../lib/gcc/nios2-elf/4.1.2/../../../../nios2-elf/lib\libc.a(lib_a-fvwrite.o)
 .data          0x000188ec        0x0 c:/altera/11.1sp2/nios2eds/bin/gnu/h-i686-mingw32/bin/../lib/gcc/nios2-elf/4.1.2/../../../../nios2-elf/lib\libc.a(lib_a-fwalk.o)
 .data          0x000188ec      0x400 c:/altera/11.1sp2/nios2eds/bin/gnu/h-i686-mingw32/bin/../lib/gcc/nios2-elf/4.1.2/../../../../nios2-elf/lib\libc.a(lib_a-impure.o)
 .data          0x00018cec        0x0 c:/altera/11.1sp2/nios2eds/bin/gnu/h-i686-mingw32/bin/../lib/gcc/nios2-elf/4.1.2/../../../../nios2-elf/lib\libc.a(lib_a-iswspace.o)
 .data          0x00018cec        0xc c:/altera/11.1sp2/nios2eds/bin/gnu/h-i686-mingw32/bin/../lib/gcc/nios2-elf/4.1.2/../../../../nios2-elf/lib\libc.a(lib_a-locale.o)
                0x00018cec                __lc_ctype
 .data          0x00018cf8        0x0 c:/altera/11.1sp2/nios2eds/bin/gnu/h-i686-mingw32/bin/../lib/gcc/nios2-elf/4.1.2/../../../../nios2-elf/lib\libc.a(lib_a-makebuf.o)
 .data          0x00018cf8      0x408 c:/altera/11.1sp2/nios2eds/bin/gnu/h-i686-mingw32/bin/../lib/gcc/nios2-elf/4.1.2/../../../../nios2-elf/lib\libc.a(lib_a-mallocr.o)
                0x00018cf8                __malloc_av_
 .data          0x00019100        0x0 c:/altera/11.1sp2/nios2eds/bin/gnu/h-i686-mingw32/bin/../lib/gcc/nios2-elf/4.1.2/../../../../nios2-elf/lib\libc.a(lib_a-mbrtowc.o)
 .data          0x00019100        0x0 c:/altera/11.1sp2/nios2eds/bin/gnu/h-i686-mingw32/bin/../lib/gcc/nios2-elf/4.1.2/../../../../nios2-elf/lib\libc.a(lib_a-mbtowc_r.o)
 .data          0x00019100        0x0 c:/altera/11.1sp2/nios2eds/bin/gnu/h-i686-mingw32/bin/../lib/gcc/nios2-elf/4.1.2/../../../../nios2-elf/lib\libc.a(lib_a-memchr.o)
 .data          0x00019100        0x0 c:/altera/11.1sp2/nios2eds/bin/gnu/h-i686-mingw32/bin/../lib/gcc/nios2-elf/4.1.2/../../../../nios2-elf/lib\libc.a(lib_a-memcpy.o)
 .data          0x00019100        0x0 c:/altera/11.1sp2/nios2eds/bin/gnu/h-i686-mingw32/bin/../lib/gcc/nios2-elf/4.1.2/../../../../nios2-elf/lib\libc.a(lib_a-memmove.o)
 .data          0x00019100        0x0 c:/altera/11.1sp2/nios2eds/bin/gnu/h-i686-mingw32/bin/../lib/gcc/nios2-elf/4.1.2/../../../../nios2-elf/lib\libc.a(lib_a-memset.o)
 .data          0x00019100        0x0 c:/altera/11.1sp2/nios2eds/bin/gnu/h-i686-mingw32/bin/../lib/gcc/nios2-elf/4.1.2/../../../../nios2-elf/lib\libc.a(lib_a-mprec.o)
 .data          0x00019100        0x0 c:/altera/11.1sp2/nios2eds/bin/gnu/h-i686-mingw32/bin/../lib/gcc/nios2-elf/4.1.2/../../../../nios2-elf/lib\libc.a(lib_a-reallocr.o)
 .data          0x00019100        0x0 c:/altera/11.1sp2/nios2eds/bin/gnu/h-i686-mingw32/bin/../lib/gcc/nios2-elf/4.1.2/../../../../nios2-elf/lib\libc.a(lib_a-refill.o)
 .data          0x00019100        0x0 c:/altera/11.1sp2/nios2eds/bin/gnu/h-i686-mingw32/bin/../lib/gcc/nios2-elf/4.1.2/../../../../nios2-elf/lib\libc.a(lib_a-s_isinfd.o)
 .data          0x00019100        0x0 c:/altera/11.1sp2/nios2eds/bin/gnu/h-i686-mingw32/bin/../lib/gcc/nios2-elf/4.1.2/../../../../nios2-elf/lib\libc.a(lib_a-s_isnand.o)
 .data          0x00019100        0x0 c:/altera/11.1sp2/nios2eds/bin/gnu/h-i686-mingw32/bin/../lib/gcc/nios2-elf/4.1.2/../../../../nios2-elf/lib\libc.a(lib_a-sbrkr.o)
 .data          0x00019100        0x0 c:/altera/11.1sp2/nios2eds/bin/gnu/h-i686-mingw32/bin/../lib/gcc/nios2-elf/4.1.2/../../../../nios2-elf/lib\libc.a(lib_a-sccl.o)
 .data          0x00019100        0x0 c:/altera/11.1sp2/nios2eds/bin/gnu/h-i686-mingw32/bin/../lib/gcc/nios2-elf/4.1.2/../../../../nios2-elf/lib\libc.a(lib_a-sf_nan.o)
 .data          0x00019100        0x0 c:/altera/11.1sp2/nios2eds/bin/gnu/h-i686-mingw32/bin/../lib/gcc/nios2-elf/4.1.2/../../../../nios2-elf/lib\libc.a(lib_a-sprintf.o)
 .data          0x00019100        0x0 c:/altera/11.1sp2/nios2eds/bin/gnu/h-i686-mingw32/bin/../lib/gcc/nios2-elf/4.1.2/../../../../nios2-elf/lib\libc.a(lib_a-stdio.o)
 .data          0x00019100        0x0 c:/altera/11.1sp2/nios2eds/bin/gnu/h-i686-mingw32/bin/../lib/gcc/nios2-elf/4.1.2/../../../../nios2-elf/lib\libc.a(lib_a-strcmp.o)
 .data          0x00019100       0x28 c:/altera/11.1sp2/nios2eds/bin/gnu/h-i686-mingw32/bin/../lib/gcc/nios2-elf/4.1.2/../../../../nios2-elf/lib\libc.a(lib_a-strtod.o)
 .data          0x00019128        0x0 c:/altera/11.1sp2/nios2eds/bin/gnu/h-i686-mingw32/bin/../lib/gcc/nios2-elf/4.1.2/../../../../nios2-elf/lib\libc.a(lib_a-strtol.o)
 .data          0x00019128        0x0 c:/altera/11.1sp2/nios2eds/bin/gnu/h-i686-mingw32/bin/../lib/gcc/nios2-elf/4.1.2/../../../../nios2-elf/lib\libc.a(lib_a-strtoll_r.o)
 .data          0x00019128        0x0 c:/altera/11.1sp2/nios2eds/bin/gnu/h-i686-mingw32/bin/../lib/gcc/nios2-elf/4.1.2/../../../../nios2-elf/lib\libc.a(lib_a-strtoul.o)
 .data          0x00019128        0x0 c:/altera/11.1sp2/nios2eds/bin/gnu/h-i686-mingw32/bin/../lib/gcc/nios2-elf/4.1.2/../../../../nios2-elf/lib\libc.a(lib_a-strtoull_r.o)
 .data          0x00019128        0x0 c:/altera/11.1sp2/nios2eds/bin/gnu/h-i686-mingw32/bin/../lib/gcc/nios2-elf/4.1.2/../../../../nios2-elf/lib\libc.a(lib_a-ungetc.o)
 .data          0x00019128        0x0 c:/altera/11.1sp2/nios2eds/bin/gnu/h-i686-mingw32/bin/../lib/gcc/nios2-elf/4.1.2/../../../../nios2-elf/lib\libc.a(lib_a-writer.o)
 .data          0x00019128        0x0 c:/altera/11.1sp2/nios2eds/bin/gnu/h-i686-mingw32/bin/../lib/gcc/nios2-elf/4.1.2/../../../../nios2-elf/lib\libc.a(lib_a-callocr.o)
 .data          0x00019128        0x0 c:/altera/11.1sp2/nios2eds/bin/gnu/h-i686-mingw32/bin/../lib/gcc/nios2-elf/4.1.2/../../../../nios2-elf/lib\libc.a(lib_a-closer.o)
 .data          0x00019128        0x0 c:/altera/11.1sp2/nios2eds/bin/gnu/h-i686-mingw32/bin/../lib/gcc/nios2-elf/4.1.2/../../../../nios2-elf/lib\libc.a(lib_a-fclose.o)
 .data          0x00019128        0x0 c:/altera/11.1sp2/nios2eds/bin/gnu/h-i686-mingw32/bin/../lib/gcc/nios2-elf/4.1.2/../../../../nios2-elf/lib\libc.a(lib_a-fstatr.o)
 .data          0x00019128        0x0 c:/altera/11.1sp2/nios2eds/bin/gnu/h-i686-mingw32/bin/../lib/gcc/nios2-elf/4.1.2/../../../../nios2-elf/lib\libc.a(lib_a-gdtoa-gethex.o)
 .data          0x00019128        0x0 c:/altera/11.1sp2/nios2eds/bin/gnu/h-i686-mingw32/bin/../lib/gcc/nios2-elf/4.1.2/../../../../nios2-elf/lib\libc.a(lib_a-gdtoa-hexnan.o)
 .data          0x00019128        0x0 c:/altera/11.1sp2/nios2eds/bin/gnu/h-i686-mingw32/bin/../lib/gcc/nios2-elf/4.1.2/../../../../nios2-elf/lib\libc.a(lib_a-int_errno.o)
 .data          0x00019128        0x0 c:/altera/11.1sp2/nios2eds/bin/gnu/h-i686-mingw32/bin/../lib/gcc/nios2-elf/4.1.2/../../../../nios2-elf/lib\libc.a(lib_a-isattyr.o)
 .data          0x00019128        0x0 c:/altera/11.1sp2/nios2eds/bin/gnu/h-i686-mingw32/bin/../lib/gcc/nios2-elf/4.1.2/../../../../nios2-elf/lib\libc.a(lib_a-lseekr.o)
 .data          0x00019128        0x0 c:/altera/11.1sp2/nios2eds/bin/gnu/h-i686-mingw32/bin/../lib/gcc/nios2-elf/4.1.2/../../../../nios2-elf/lib\libc.a(lib_a-readr.o)
 .data          0x00019128        0x0 c:/altera/11.1sp2/nios2eds/bin/gnu/h-i686-mingw32/bin/../lib/gcc/nios2-elf/4.1.2\libgcc.a(_muldi3.o)
 .data          0x00019128        0x0 c:/altera/11.1sp2/nios2eds/bin/gnu/h-i686-mingw32/bin/../lib/gcc/nios2-elf/4.1.2\libgcc.a(_fixunsdfsi.o)
 .data          0x00019128        0x0 c:/altera/11.1sp2/nios2eds/bin/gnu/h-i686-mingw32/bin/../lib/gcc/nios2-elf/4.1.2\libgcc.a(_udivdi3.o)
 .data          0x00019128        0x0 c:/altera/11.1sp2/nios2eds/bin/gnu/h-i686-mingw32/bin/../lib/gcc/nios2-elf/4.1.2\libgcc.a(_umoddi3.o)
 .data          0x00019128        0x0 c:/altera/11.1sp2/nios2eds/bin/gnu/h-i686-mingw32/bin/../lib/gcc/nios2-elf/4.1.2\libgcc.a(_ne_sf.o)
 .data          0x00019128        0x0 c:/altera/11.1sp2/nios2eds/bin/gnu/h-i686-mingw32/bin/../lib/gcc/nios2-elf/4.1.2\libgcc.a(_gt_sf.o)
 .data          0x00019128        0x0 c:/altera/11.1sp2/nios2eds/bin/gnu/h-i686-mingw32/bin/../lib/gcc/nios2-elf/4.1.2\libgcc.a(_lt_sf.o)
 .data          0x00019128        0x0 c:/altera/11.1sp2/nios2eds/bin/gnu/h-i686-mingw32/bin/../lib/gcc/nios2-elf/4.1.2\libgcc.a(_addsub_df.o)
 .data          0x00019128        0x0 c:/altera/11.1sp2/nios2eds/bin/gnu/h-i686-mingw32/bin/../lib/gcc/nios2-elf/4.1.2\libgcc.a(_mul_df.o)
 .data          0x00019128        0x0 c:/altera/11.1sp2/nios2eds/bin/gnu/h-i686-mingw32/bin/../lib/gcc/nios2-elf/4.1.2\libgcc.a(_div_df.o)
 .data          0x00019128        0x0 c:/altera/11.1sp2/nios2eds/bin/gnu/h-i686-mingw32/bin/../lib/gcc/nios2-elf/4.1.2\libgcc.a(_eq_df.o)
 .data          0x00019128        0x0 c:/altera/11.1sp2/nios2eds/bin/gnu/h-i686-mingw32/bin/../lib/gcc/nios2-elf/4.1.2\libgcc.a(_ne_df.o)
 .data          0x00019128        0x0 c:/altera/11.1sp2/nios2eds/bin/gnu/h-i686-mingw32/bin/../lib/gcc/nios2-elf/4.1.2\libgcc.a(_gt_df.o)
 .data          0x00019128        0x0 c:/altera/11.1sp2/nios2eds/bin/gnu/h-i686-mingw32/bin/../lib/gcc/nios2-elf/4.1.2\libgcc.a(_ge_df.o)
 .data          0x00019128        0x0 c:/altera/11.1sp2/nios2eds/bin/gnu/h-i686-mingw32/bin/../lib/gcc/nios2-elf/4.1.2\libgcc.a(_lt_df.o)
 .data          0x00019128        0x0 c:/altera/11.1sp2/nios2eds/bin/gnu/h-i686-mingw32/bin/../lib/gcc/nios2-elf/4.1.2\libgcc.a(_le_df.o)
 .data          0x00019128        0x0 c:/altera/11.1sp2/nios2eds/bin/gnu/h-i686-mingw32/bin/../lib/gcc/nios2-elf/4.1.2\libgcc.a(_df_to_si.o)
 .data          0x00019128        0x0 c:/altera/11.1sp2/nios2eds/bin/gnu/h-i686-mingw32/bin/../lib/gcc/nios2-elf/4.1.2\libgcc.a(_df_to_sf.o)
 .data          0x00019128        0x0 c:/altera/11.1sp2/nios2eds/bin/gnu/h-i686-mingw32/bin/../lib/gcc/nios2-elf/4.1.2\libgcc.a(_thenan_df.o)
 .data          0x00019128        0x0 c:/altera/11.1sp2/nios2eds/bin/gnu/h-i686-mingw32/bin/../lib/gcc/nios2-elf/4.1.2\libgcc.a(_usi_to_df.o)
 .data          0x00019128        0x0 c:/altera/11.1sp2/nios2eds/bin/gnu/h-i686-mingw32/bin/../lib/gcc/nios2-elf/4.1.2\libgcc.a(_unpack_sf.o)
 .data          0x00019128        0x0 c:/altera/11.1sp2/nios2eds/bin/gnu/h-i686-mingw32/bin/../lib/gcc/nios2-elf/4.1.2\libgcc.a(_fpcmp_parts_sf.o)
 .data          0x00019128        0x0 c:/altera/11.1sp2/nios2eds/bin/gnu/h-i686-mingw32/bin/../lib/gcc/nios2-elf/4.1.2\libgcc.a(_make_sf.o)
 .data          0x00019128        0x0 c:/altera/11.1sp2/nios2eds/bin/gnu/h-i686-mingw32/bin/../lib/gcc/nios2-elf/4.1.2\libgcc.a(_unpack_df.o)
 .data          0x00019128        0x0 c:/altera/11.1sp2/nios2eds/bin/gnu/h-i686-mingw32/bin/../lib/gcc/nios2-elf/4.1.2\libgcc.a(_fpcmp_parts_df.o)
 .data          0x00019128        0x0 c:/altera/11.1sp2/nios2eds/bin/gnu/h-i686-mingw32/bin/../lib/gcc/nios2-elf/4.1.2\libgcc.a(_pack_sf.o)
 .data          0x00019128        0x0 ../DE2_115_NIOS_HOST_MOUSE_VGA_bsp/\libhal_bsp.a(alt_close.o)
 .data          0x00019128      0x1a8 ../DE2_115_NIOS_HOST_MOUSE_VGA_bsp/\libhal_bsp.a(alt_dev.o)
                0x00019128                alt_dev_null
                0x00019150                alt_fd_list
 .data          0x000192d0        0x0 ../DE2_115_NIOS_HOST_MOUSE_VGA_bsp/\libhal_bsp.a(alt_errno.o)
 .data          0x000192d0        0x0 ../DE2_115_NIOS_HOST_MOUSE_VGA_bsp/\libhal_bsp.a(alt_fstat.o)
 .data          0x000192d0        0x0 ../DE2_115_NIOS_HOST_MOUSE_VGA_bsp/\libhal_bsp.a(alt_gettod.o)
 .data          0x000192d0        0x0 ../DE2_115_NIOS_HOST_MOUSE_VGA_bsp/\libhal_bsp.a(alt_isatty.o)
 .data          0x000192d0        0x0 ../DE2_115_NIOS_HOST_MOUSE_VGA_bsp/\libhal_bsp.a(alt_load.o)
 .data          0x000192d0        0x0 ../DE2_115_NIOS_HOST_MOUSE_VGA_bsp/\libhal_bsp.a(alt_lseek.o)
 .data          0x000192d0        0x0 ../DE2_115_NIOS_HOST_MOUSE_VGA_bsp/\libhal_bsp.a(alt_main.o)
 .data          0x000192d0        0x0 ../DE2_115_NIOS_HOST_MOUSE_VGA_bsp/\libhal_bsp.a(alt_malloc_lock.o)
 .data          0x000192d0        0x0 ../DE2_115_NIOS_HOST_MOUSE_VGA_bsp/\libhal_bsp.a(alt_read.o)
 .data          0x000192d0        0x0 ../DE2_115_NIOS_HOST_MOUSE_VGA_bsp/\libhal_bsp.a(alt_release_fd.o)
 .data          0x000192d0        0x0 ../DE2_115_NIOS_HOST_MOUSE_VGA_bsp/\libhal_bsp.a(alt_sbrk.o)
 .data          0x000192d0        0x0 ../DE2_115_NIOS_HOST_MOUSE_VGA_bsp/\libhal_bsp.a(alt_tick.o)
 .data          0x000192d0        0x0 ../DE2_115_NIOS_HOST_MOUSE_VGA_bsp/\libhal_bsp.a(alt_usleep.o)
 .data          0x000192d0        0x0 ../DE2_115_NIOS_HOST_MOUSE_VGA_bsp/\libhal_bsp.a(alt_write.o)
 .data          0x000192d0     0x1180 ../DE2_115_NIOS_HOST_MOUSE_VGA_bsp/\libhal_bsp.a(alt_sys_init.o)
 .data          0x0001a450        0x0 ../DE2_115_NIOS_HOST_MOUSE_VGA_bsp/\libhal_bsp.a(altera_avalon_jtag_uart_fd.o)
 .data          0x0001a450        0x0 ../DE2_115_NIOS_HOST_MOUSE_VGA_bsp/\libhal_bsp.a(altera_avalon_jtag_uart_init.o)
 .data          0x0001a450        0x0 ../DE2_115_NIOS_HOST_MOUSE_VGA_bsp/\libhal_bsp.a(altera_avalon_jtag_uart_ioctl.o)
 .data          0x0001a450        0x0 ../DE2_115_NIOS_HOST_MOUSE_VGA_bsp/\libhal_bsp.a(altera_avalon_jtag_uart_read.o)
 .data          0x0001a450        0x0 ../DE2_115_NIOS_HOST_MOUSE_VGA_bsp/\libhal_bsp.a(altera_avalon_jtag_uart_write.o)
 .data          0x0001a450        0x0 ../DE2_115_NIOS_HOST_MOUSE_VGA_bsp/\libhal_bsp.a(altera_avalon_lcd_16207.o)
 .data          0x0001a450        0x0 ../DE2_115_NIOS_HOST_MOUSE_VGA_bsp/\libhal_bsp.a(altera_avalon_lcd_16207_fd.o)
 .data          0x0001a450        0x0 ../DE2_115_NIOS_HOST_MOUSE_VGA_bsp/\libhal_bsp.a(altera_avalon_timer_sc.o)
 .data          0x0001a450        0x0 ../DE2_115_NIOS_HOST_MOUSE_VGA_bsp/\libhal_bsp.a(alt_alarm_start.o)
 .data          0x0001a450        0x0 ../DE2_115_NIOS_HOST_MOUSE_VGA_bsp/\libhal_bsp.a(alt_busy_sleep.o)
 .data          0x0001a450        0x0 ../DE2_115_NIOS_HOST_MOUSE_VGA_bsp/\libhal_bsp.a(alt_dcache_flush_all.o)
 .data          0x0001a450        0x0 ../DE2_115_NIOS_HOST_MOUSE_VGA_bsp/\libhal_bsp.a(alt_dev_llist_insert.o)
 .data          0x0001a450        0x0 ../DE2_115_NIOS_HOST_MOUSE_VGA_bsp/\libhal_bsp.a(alt_do_ctors.o)
 .data          0x0001a450        0x0 ../DE2_115_NIOS_HOST_MOUSE_VGA_bsp/\libhal_bsp.a(alt_do_dtors.o)
 .data          0x0001a450        0x0 ../DE2_115_NIOS_HOST_MOUSE_VGA_bsp/\libhal_bsp.a(alt_icache_flush_all.o)
 .data          0x0001a450        0x0 ../DE2_115_NIOS_HOST_MOUSE_VGA_bsp/\libhal_bsp.a(alt_iic.o)
 .data          0x0001a450        0x0 ../DE2_115_NIOS_HOST_MOUSE_VGA_bsp/\libhal_bsp.a(alt_iic_isr_register.o)
 .data          0x0001a450        0x0 ../DE2_115_NIOS_HOST_MOUSE_VGA_bsp/\libhal_bsp.a(alt_io_redirect.o)
 .data          0x0001a450        0x0 ../DE2_115_NIOS_HOST_MOUSE_VGA_bsp/\libhal_bsp.a(alt_irq_entry.o)
 .data          0x0001a450        0x0 ../DE2_115_NIOS_HOST_MOUSE_VGA_bsp/\libhal_bsp.a(alt_irq_handler.o)
 .data          0x0001a450        0x0 ../DE2_115_NIOS_HOST_MOUSE_VGA_bsp/\libhal_bsp.a(alt_irq_vars.o)
 .data          0x0001a450        0x0 ../DE2_115_NIOS_HOST_MOUSE_VGA_bsp/\libhal_bsp.a(alt_open.o)
 .data          0x0001a450        0x0 ../DE2_115_NIOS_HOST_MOUSE_VGA_bsp/\libhal_bsp.a(altera_nios2_qsys_irq.o)
 .data          0x0001a450        0x0 ../DE2_115_NIOS_HOST_MOUSE_VGA_bsp/\libhal_bsp.a(alt_exception_entry.o)
 .data          0x0001a450        0x0 ../DE2_115_NIOS_HOST_MOUSE_VGA_bsp/\libhal_bsp.a(alt_find_dev.o)
 .data          0x0001a450        0x0 ../DE2_115_NIOS_HOST_MOUSE_VGA_bsp/\libhal_bsp.a(alt_find_file.o)
 .data          0x0001a450        0x0 ../DE2_115_NIOS_HOST_MOUSE_VGA_bsp/\libhal_bsp.a(alt_get_fd.o)
 .data          0x0001a450        0x0 ../DE2_115_NIOS_HOST_MOUSE_VGA_bsp/\libhal_bsp.a(alt_icache_flush.o)
 .data          0x0001a450        0x0 c:/altera/11.1sp2/nios2eds/bin/gnu/h-i686-mingw32/bin/../lib/gcc/nios2-elf/4.1.2/../../../../nios2-elf/lib\libc.a(lib_a-atexit.o)
 .data          0x0001a450        0x0 c:/altera/11.1sp2/nios2eds/bin/gnu/h-i686-mingw32/bin/../lib/gcc/nios2-elf/4.1.2/../../../../nios2-elf/lib\libc.a(lib_a-exit.o)
 .data          0x0001a450        0x0 c:/altera/11.1sp2/nios2eds/bin/gnu/h-i686-mingw32/bin/../lib/gcc/nios2-elf/4.1.2/../../../../nios2-elf/lib\libc.a(lib_a-memcmp.o)
 .data          0x0001a450        0x0 c:/altera/11.1sp2/nios2eds/bin/gnu/h-i686-mingw32/bin/../lib/gcc/nios2-elf/4.1.2/../../../../nios2-elf/lib\libc.a(lib_a-__atexit.o)
 .data          0x0001a450        0x0 c:/altera/11.1sp2/nios2eds/bin/gnu/h-i686-mingw32/bin/../lib/gcc/nios2-elf/4.1.2/../../../../nios2-elf/lib\libc.a(lib_a-__call_atexit.o)
 .data          0x0001a450        0x0 ../DE2_115_NIOS_HOST_MOUSE_VGA_bsp/\libhal_bsp.a(alt_exit.o)
                0x00022450                _gp = ABSOLUTE ((. + 0x8000))
                0x00022450                PROVIDE (gp, _gp)
 *(.rwdata .rwdata.*)
 *(.sdata .sdata.* .gnu.linkonce.s.*)
 .sdata         0x0001a450        0x4 c:/altera/11.1sp2/nios2eds/bin/gnu/h-i686-mingw32/bin/../lib/gcc/nios2-elf/4.1.2/../../../../nios2-elf/lib\libc.a(lib_a-ctype_.o)
                0x0001a450                __ctype_ptr
 .sdata         0x0001a454        0x8 c:/altera/11.1sp2/nios2eds/bin/gnu/h-i686-mingw32/bin/../lib/gcc/nios2-elf/4.1.2/../../../../nios2-elf/lib\libc.a(lib_a-impure.o)
                0x0001a454                _impure_ptr
                0x0001a458                _global_impure_ptr
 .sdata         0x0001a45c        0x8 c:/altera/11.1sp2/nios2eds/bin/gnu/h-i686-mingw32/bin/../lib/gcc/nios2-elf/4.1.2/../../../../nios2-elf/lib\libc.a(lib_a-locale.o)
                0x0001a45c                __mb_cur_max
 .sdata         0x0001a464        0x8 c:/altera/11.1sp2/nios2eds/bin/gnu/h-i686-mingw32/bin/../lib/gcc/nios2-elf/4.1.2/../../../../nios2-elf/lib\libc.a(lib_a-mallocr.o)
                0x0001a464                __malloc_trim_threshold
                0x0001a468                __malloc_sbrk_base
 .sdata         0x0001a46c       0x14 ../DE2_115_NIOS_HOST_MOUSE_VGA_bsp/\libhal_bsp.a(alt_dev.o)
                0x0001a46c                alt_fs_list
                0x0001a474                alt_dev_list
                0x0001a47c                alt_max_fd
 .sdata         0x0001a480        0x4 ../DE2_115_NIOS_HOST_MOUSE_VGA_bsp/\libhal_bsp.a(alt_errno.o)
                0x0001a480                alt_errno
 .sdata         0x0001a484        0x4 ../DE2_115_NIOS_HOST_MOUSE_VGA_bsp/\libhal_bsp.a(alt_sbrk.o)
 .sdata         0x0001a488        0x8 ../DE2_115_NIOS_HOST_MOUSE_VGA_bsp/\libhal_bsp.a(alt_tick.o)
                0x0001a488                alt_alarm_list
 .sdata         0x0001a490        0x4 ../DE2_115_NIOS_HOST_MOUSE_VGA_bsp/\libhal_bsp.a(altera_avalon_lcd_16207.o)
 .sdata         0x0001a494        0x4 ../DE2_115_NIOS_HOST_MOUSE_VGA_bsp/\libhal_bsp.a(alt_irq_vars.o)
                0x0001a494                alt_priority_mask
 *(.sdata2 .sdata2.* .gnu.linkonce.s2.*)
                0x0001a498                . = ALIGN (0x4)
                0x0001a498                _edata = ABSOLUTE (.)
                0x0001a498                PROVIDE (edata, ABSOLUTE (.))
                0x0001a498                PROVIDE (__ram_rwdata_end, ABSOLUTE (.))
                0x0001a498                PROVIDE (__flash_rwdata_start, LOADADDR (.rwdata))

.bss            0x0001c054      0x6b0
                0x0001c054                __bss_start = ABSOLUTE (.)
                0x0001c054                PROVIDE (__sbss_start, ABSOLUTE (.))
                0x0001c054                PROVIDE (___sbss_start, ABSOLUTE (.))
 *(.dynsbss)
 *(.sbss .sbss.* .gnu.linkonce.sb.*)
 .sbss          0x0001c054        0x4 obj/default/DE2_115_NIOS_HOST_MOUSE_VGA.o
 .sbss          0x0001c058       0x10 obj/default/DE2_115_NIOS_HOST_MOUSE_VGA.o
                0x0001c058                t2
                0x0001c060                t1
 .sbss          0x0001c068        0xc c:/altera/11.1sp2/nios2eds/bin/gnu/h-i686-mingw32/bin/../lib/gcc/nios2-elf/4.1.2/../../../../nios2-elf/lib\libc.a(lib_a-locale.o)
                0x0001c068                __nlocale_changed
                0x0001c06c                __mlocale_changed
                0x0001c070                _PathLocale
 .sbss          0x0001c074        0xc c:/altera/11.1sp2/nios2eds/bin/gnu/h-i686-mingw32/bin/../lib/gcc/nios2-elf/4.1.2/../../../../nios2-elf/lib\libc.a(lib_a-mallocr.o)
                0x0001c074                __malloc_top_pad
                0x0001c078                __malloc_max_sbrked_mem
                0x0001c07c                __malloc_max_total_mem
 .sbss          0x0001c080        0x4 c:/altera/11.1sp2/nios2eds/bin/gnu/h-i686-mingw32/bin/../lib/gcc/nios2-elf/4.1.2/../../../../nios2-elf/lib\libc.a(lib_a-int_errno.o)
                0x0001c080                errno
 .sbss          0x0001c084       0x10 ../DE2_115_NIOS_HOST_MOUSE_VGA_bsp/\libhal_bsp.a(alt_gettod.o)
                0x0001c084                alt_timezone
                0x0001c08c                alt_resettime
 .sbss          0x0001c094        0xc ../DE2_115_NIOS_HOST_MOUSE_VGA_bsp/\libhal_bsp.a(alt_main.o)
                0x0001c094                alt_argc
                0x0001c098                alt_argv
                0x0001c09c                alt_envp
 .sbss          0x0001c0a0        0x8 ../DE2_115_NIOS_HOST_MOUSE_VGA_bsp/\libhal_bsp.a(alt_tick.o)
                0x0001c0a0                _alt_tick_rate
                0x0001c0a4                _alt_nticks
 .sbss          0x0001c0a8        0x4 ../DE2_115_NIOS_HOST_MOUSE_VGA_bsp/\libhal_bsp.a(alt_irq_vars.o)
                0x0001c0a8                alt_irq_active
 *(.sbss2 .sbss2.* .gnu.linkonce.sb2.*)
 *(.scommon)
                0x0001c0ac                PROVIDE (__sbss_end, ABSOLUTE (.))
                0x0001c0ac                PROVIDE (___sbss_end, ABSOLUTE (.))
 *(.dynbss)
 *(.bss .bss.* .gnu.linkonce.b.*)
 .bss           0x0001c0ac        0x0 ../DE2_115_NIOS_HOST_MOUSE_VGA_bsp//obj/HAL/src/crt0.o
 .bss           0x0001c0ac        0x0 obj/default/DE2_115_NIOS_HOST_MOUSE_VGA.o
 .bss           0x0001c0ac        0x0 obj/default/LCD.o
 .bss           0x0001c0ac        0x0 obj/default/SEG7.o
 .bss           0x0001c0ac        0x0 obj/default/VGA.o
 .bss           0x0001c0ac        0x0 c:/altera/11.1sp2/nios2eds/bin/gnu/h-i686-mingw32/bin/../lib/gcc/nios2-elf/4.1.2\libgcc.a(_si_to_df.o)
 .bss           0x0001c0ac        0x0 c:/altera/11.1sp2/nios2eds/bin/gnu/h-i686-mingw32/bin/../lib/gcc/nios2-elf/4.1.2\libgcc.a(lib2-divmod.o)
 .bss           0x0001c0ac        0x0 c:/altera/11.1sp2/nios2eds/bin/gnu/h-i686-mingw32/bin/../lib/gcc/nios2-elf/4.1.2\libgcc.a(_clzsi2.o)
 .bss           0x0001c0ac        0x0 c:/altera/11.1sp2/nios2eds/bin/gnu/h-i686-mingw32/bin/../lib/gcc/nios2-elf/4.1.2\libgcc.a(_pack_df.o)
 .bss           0x0001c0ac        0x0 c:/altera/11.1sp2/nios2eds/bin/gnu/h-i686-mingw32/bin/../lib/gcc/nios2-elf/4.1.2\libgcc.a(_clz.o)
 .bss           0x0001c0ac        0x0 c:/altera/11.1sp2/nios2eds/bin/gnu/h-i686-mingw32/bin/../lib/gcc/nios2-elf/4.1.2/../../../../nios2-elf/lib\libc.a(lib_a-printf.o)
 .bss           0x0001c0ac        0x0 c:/altera/11.1sp2/nios2eds/bin/gnu/h-i686-mingw32/bin/../lib/gcc/nios2-elf/4.1.2/../../../../nios2-elf/lib\libc.a(lib_a-puts.o)
 .bss           0x0001c0ac        0x0 c:/altera/11.1sp2/nios2eds/bin/gnu/h-i686-mingw32/bin/../lib/gcc/nios2-elf/4.1.2/../../../../nios2-elf/lib\libc.a(lib_a-scanf.o)
 .bss           0x0001c0ac        0x0 c:/altera/11.1sp2/nios2eds/bin/gnu/h-i686-mingw32/bin/../lib/gcc/nios2-elf/4.1.2/../../../../nios2-elf/lib\libc.a(lib_a-strlen.o)
 .bss           0x0001c0ac        0x0 c:/altera/11.1sp2/nios2eds/bin/gnu/h-i686-mingw32/bin/../lib/gcc/nios2-elf/4.1.2/../../../../nios2-elf/lib\libc.a(lib_a-vfprintf.o)
 .bss           0x0001c0ac        0x0 c:/altera/11.1sp2/nios2eds/bin/gnu/h-i686-mingw32/bin/../lib/gcc/nios2-elf/4.1.2/../../../../nios2-elf/lib\libc.a(lib_a-vfscanf.o)
 .bss           0x0001c0ac        0x0 c:/altera/11.1sp2/nios2eds/bin/gnu/h-i686-mingw32/bin/../lib/gcc/nios2-elf/4.1.2/../../../../nios2-elf/lib\libc.a(lib_a-wsetup.o)
 .bss           0x0001c0ac        0x0 c:/altera/11.1sp2/nios2eds/bin/gnu/h-i686-mingw32/bin/../lib/gcc/nios2-elf/4.1.2/../../../../nios2-elf/lib\libc.a(lib_a-ctype_.o)
 .bss           0x0001c0ac        0x0 c:/altera/11.1sp2/nios2eds/bin/gnu/h-i686-mingw32/bin/../lib/gcc/nios2-elf/4.1.2/../../../../nios2-elf/lib\libc.a(lib_a-dtoa.o)
 .bss           0x0001c0ac        0x0 c:/altera/11.1sp2/nios2eds/bin/gnu/h-i686-mingw32/bin/../lib/gcc/nios2-elf/4.1.2/../../../../nios2-elf/lib\libc.a(lib_a-fflush.o)
 .bss           0x0001c0ac        0x0 c:/altera/11.1sp2/nios2eds/bin/gnu/h-i686-mingw32/bin/../lib/gcc/nios2-elf/4.1.2/../../../../nios2-elf/lib\libc.a(lib_a-findfp.o)
 .bss           0x0001c0ac        0x0 c:/altera/11.1sp2/nios2eds/bin/gnu/h-i686-mingw32/bin/../lib/gcc/nios2-elf/4.1.2/../../../../nios2-elf/lib\libc.a(lib_a-fread.o)
 .bss           0x0001c0ac        0x0 c:/altera/11.1sp2/nios2eds/bin/gnu/h-i686-mingw32/bin/../lib/gcc/nios2-elf/4.1.2/../../../../nios2-elf/lib\libc.a(lib_a-freer.o)
 .bss           0x0001c0ac        0x0 c:/altera/11.1sp2/nios2eds/bin/gnu/h-i686-mingw32/bin/../lib/gcc/nios2-elf/4.1.2/../../../../nios2-elf/lib\libc.a(lib_a-fvwrite.o)
 .bss           0x0001c0ac        0x0 c:/altera/11.1sp2/nios2eds/bin/gnu/h-i686-mingw32/bin/../lib/gcc/nios2-elf/4.1.2/../../../../nios2-elf/lib\libc.a(lib_a-fwalk.o)
 .bss           0x0001c0ac        0x0 c:/altera/11.1sp2/nios2eds/bin/gnu/h-i686-mingw32/bin/../lib/gcc/nios2-elf/4.1.2/../../../../nios2-elf/lib\libc.a(lib_a-impure.o)
 .bss           0x0001c0ac        0x0 c:/altera/11.1sp2/nios2eds/bin/gnu/h-i686-mingw32/bin/../lib/gcc/nios2-elf/4.1.2/../../../../nios2-elf/lib\libc.a(lib_a-iswspace.o)
 .bss           0x0001c0ac        0x0 c:/altera/11.1sp2/nios2eds/bin/gnu/h-i686-mingw32/bin/../lib/gcc/nios2-elf/4.1.2/../../../../nios2-elf/lib\libc.a(lib_a-locale.o)
 .bss           0x0001c0ac        0x0 c:/altera/11.1sp2/nios2eds/bin/gnu/h-i686-mingw32/bin/../lib/gcc/nios2-elf/4.1.2/../../../../nios2-elf/lib\libc.a(lib_a-makebuf.o)
 .bss           0x0001c0ac       0x28 c:/altera/11.1sp2/nios2eds/bin/gnu/h-i686-mingw32/bin/../lib/gcc/nios2-elf/4.1.2/../../../../nios2-elf/lib\libc.a(lib_a-mallocr.o)
                0x0001c0ac                __malloc_current_mallinfo
 .bss           0x0001c0d4        0x0 c:/altera/11.1sp2/nios2eds/bin/gnu/h-i686-mingw32/bin/../lib/gcc/nios2-elf/4.1.2/../../../../nios2-elf/lib\libc.a(lib_a-mbrtowc.o)
 .bss           0x0001c0d4        0x0 c:/altera/11.1sp2/nios2eds/bin/gnu/h-i686-mingw32/bin/../lib/gcc/nios2-elf/4.1.2/../../../../nios2-elf/lib\libc.a(lib_a-mbtowc_r.o)
 .bss           0x0001c0d4        0x0 c:/altera/11.1sp2/nios2eds/bin/gnu/h-i686-mingw32/bin/../lib/gcc/nios2-elf/4.1.2/../../../../nios2-elf/lib\libc.a(lib_a-memchr.o)
 .bss           0x0001c0d4        0x0 c:/altera/11.1sp2/nios2eds/bin/gnu/h-i686-mingw32/bin/../lib/gcc/nios2-elf/4.1.2/../../../../nios2-elf/lib\libc.a(lib_a-memcpy.o)
 .bss           0x0001c0d4        0x0 c:/altera/11.1sp2/nios2eds/bin/gnu/h-i686-mingw32/bin/../lib/gcc/nios2-elf/4.1.2/../../../../nios2-elf/lib\libc.a(lib_a-memmove.o)
 .bss           0x0001c0d4        0x0 c:/altera/11.1sp2/nios2eds/bin/gnu/h-i686-mingw32/bin/../lib/gcc/nios2-elf/4.1.2/../../../../nios2-elf/lib\libc.a(lib_a-memset.o)
 .bss           0x0001c0d4        0x0 c:/altera/11.1sp2/nios2eds/bin/gnu/h-i686-mingw32/bin/../lib/gcc/nios2-elf/4.1.2/../../../../nios2-elf/lib\libc.a(lib_a-mprec.o)
 .bss           0x0001c0d4        0x0 c:/altera/11.1sp2/nios2eds/bin/gnu/h-i686-mingw32/bin/../lib/gcc/nios2-elf/4.1.2/../../../../nios2-elf/lib\libc.a(lib_a-reallocr.o)
 .bss           0x0001c0d4        0x0 c:/altera/11.1sp2/nios2eds/bin/gnu/h-i686-mingw32/bin/../lib/gcc/nios2-elf/4.1.2/../../../../nios2-elf/lib\libc.a(lib_a-refill.o)
 .bss           0x0001c0d4        0x0 c:/altera/11.1sp2/nios2eds/bin/gnu/h-i686-mingw32/bin/../lib/gcc/nios2-elf/4.1.2/../../../../nios2-elf/lib\libc.a(lib_a-s_isinfd.o)
 .bss           0x0001c0d4        0x0 c:/altera/11.1sp2/nios2eds/bin/gnu/h-i686-mingw32/bin/../lib/gcc/nios2-elf/4.1.2/../../../../nios2-elf/lib\libc.a(lib_a-s_isnand.o)
 .bss           0x0001c0d4        0x0 c:/altera/11.1sp2/nios2eds/bin/gnu/h-i686-mingw32/bin/../lib/gcc/nios2-elf/4.1.2/../../../../nios2-elf/lib\libc.a(lib_a-sbrkr.o)
 .bss           0x0001c0d4        0x0 c:/altera/11.1sp2/nios2eds/bin/gnu/h-i686-mingw32/bin/../lib/gcc/nios2-elf/4.1.2/../../../../nios2-elf/lib\libc.a(lib_a-sccl.o)
 .bss           0x0001c0d4        0x0 c:/altera/11.1sp2/nios2eds/bin/gnu/h-i686-mingw32/bin/../lib/gcc/nios2-elf/4.1.2/../../../../nios2-elf/lib\libc.a(lib_a-sf_nan.o)
 .bss           0x0001c0d4        0x0 c:/altera/11.1sp2/nios2eds/bin/gnu/h-i686-mingw32/bin/../lib/gcc/nios2-elf/4.1.2/../../../../nios2-elf/lib\libc.a(lib_a-sprintf.o)
 .bss           0x0001c0d4        0x0 c:/altera/11.1sp2/nios2eds/bin/gnu/h-i686-mingw32/bin/../lib/gcc/nios2-elf/4.1.2/../../../../nios2-elf/lib\libc.a(lib_a-stdio.o)
 .bss           0x0001c0d4        0x0 c:/altera/11.1sp2/nios2eds/bin/gnu/h-i686-mingw32/bin/../lib/gcc/nios2-elf/4.1.2/../../../../nios2-elf/lib\libc.a(lib_a-strcmp.o)
 .bss           0x0001c0d4        0x0 c:/altera/11.1sp2/nios2eds/bin/gnu/h-i686-mingw32/bin/../lib/gcc/nios2-elf/4.1.2/../../../../nios2-elf/lib\libc.a(lib_a-strtod.o)
 .bss           0x0001c0d4        0x0 c:/altera/11.1sp2/nios2eds/bin/gnu/h-i686-mingw32/bin/../lib/gcc/nios2-elf/4.1.2/../../../../nios2-elf/lib\libc.a(lib_a-strtol.o)
 .bss           0x0001c0d4        0x0 c:/altera/11.1sp2/nios2eds/bin/gnu/h-i686-mingw32/bin/../lib/gcc/nios2-elf/4.1.2/../../../../nios2-elf/lib\libc.a(lib_a-strtoll_r.o)
 .bss           0x0001c0d4        0x0 c:/altera/11.1sp2/nios2eds/bin/gnu/h-i686-mingw32/bin/../lib/gcc/nios2-elf/4.1.2/../../../../nios2-elf/lib\libc.a(lib_a-strtoul.o)
 .bss           0x0001c0d4        0x0 c:/altera/11.1sp2/nios2eds/bin/gnu/h-i686-mingw32/bin/../lib/gcc/nios2-elf/4.1.2/../../../../nios2-elf/lib\libc.a(lib_a-strtoull_r.o)
 .bss           0x0001c0d4        0x0 c:/altera/11.1sp2/nios2eds/bin/gnu/h-i686-mingw32/bin/../lib/gcc/nios2-elf/4.1.2/../../../../nios2-elf/lib\libc.a(lib_a-ungetc.o)
 .bss           0x0001c0d4        0x0 c:/altera/11.1sp2/nios2eds/bin/gnu/h-i686-mingw32/bin/../lib/gcc/nios2-elf/4.1.2/../../../../nios2-elf/lib\libc.a(lib_a-writer.o)
 .bss           0x0001c0d4        0x0 c:/altera/11.1sp2/nios2eds/bin/gnu/h-i686-mingw32/bin/../lib/gcc/nios2-elf/4.1.2/../../../../nios2-elf/lib\libc.a(lib_a-callocr.o)
 .bss           0x0001c0d4        0x0 c:/altera/11.1sp2/nios2eds/bin/gnu/h-i686-mingw32/bin/../lib/gcc/nios2-elf/4.1.2/../../../../nios2-elf/lib\libc.a(lib_a-closer.o)
 .bss           0x0001c0d4        0x0 c:/altera/11.1sp2/nios2eds/bin/gnu/h-i686-mingw32/bin/../lib/gcc/nios2-elf/4.1.2/../../../../nios2-elf/lib\libc.a(lib_a-fclose.o)
 .bss           0x0001c0d4        0x0 c:/altera/11.1sp2/nios2eds/bin/gnu/h-i686-mingw32/bin/../lib/gcc/nios2-elf/4.1.2/../../../../nios2-elf/lib\libc.a(lib_a-fstatr.o)
 .bss           0x0001c0d4        0x0 c:/altera/11.1sp2/nios2eds/bin/gnu/h-i686-mingw32/bin/../lib/gcc/nios2-elf/4.1.2/../../../../nios2-elf/lib\libc.a(lib_a-gdtoa-gethex.o)
 .bss           0x0001c0d4        0x0 c:/altera/11.1sp2/nios2eds/bin/gnu/h-i686-mingw32/bin/../lib/gcc/nios2-elf/4.1.2/../../../../nios2-elf/lib\libc.a(lib_a-gdtoa-hexnan.o)
 .bss           0x0001c0d4        0x0 c:/altera/11.1sp2/nios2eds/bin/gnu/h-i686-mingw32/bin/../lib/gcc/nios2-elf/4.1.2/../../../../nios2-elf/lib\libc.a(lib_a-int_errno.o)
 .bss           0x0001c0d4        0x0 c:/altera/11.1sp2/nios2eds/bin/gnu/h-i686-mingw32/bin/../lib/gcc/nios2-elf/4.1.2/../../../../nios2-elf/lib\libc.a(lib_a-isattyr.o)
 .bss           0x0001c0d4        0x0 c:/altera/11.1sp2/nios2eds/bin/gnu/h-i686-mingw32/bin/../lib/gcc/nios2-elf/4.1.2/../../../../nios2-elf/lib\libc.a(lib_a-lseekr.o)
 .bss           0x0001c0d4        0x0 c:/altera/11.1sp2/nios2eds/bin/gnu/h-i686-mingw32/bin/../lib/gcc/nios2-elf/4.1.2/../../../../nios2-elf/lib\libc.a(lib_a-readr.o)
 .bss           0x0001c0d4        0x0 c:/altera/11.1sp2/nios2eds/bin/gnu/h-i686-mingw32/bin/../lib/gcc/nios2-elf/4.1.2\libgcc.a(_muldi3.o)
 .bss           0x0001c0d4        0x0 c:/altera/11.1sp2/nios2eds/bin/gnu/h-i686-mingw32/bin/../lib/gcc/nios2-elf/4.1.2\libgcc.a(_fixunsdfsi.o)
 .bss           0x0001c0d4        0x0 c:/altera/11.1sp2/nios2eds/bin/gnu/h-i686-mingw32/bin/../lib/gcc/nios2-elf/4.1.2\libgcc.a(_udivdi3.o)
 .bss           0x0001c0d4        0x0 c:/altera/11.1sp2/nios2eds/bin/gnu/h-i686-mingw32/bin/../lib/gcc/nios2-elf/4.1.2\libgcc.a(_umoddi3.o)
 .bss           0x0001c0d4        0x0 c:/altera/11.1sp2/nios2eds/bin/gnu/h-i686-mingw32/bin/../lib/gcc/nios2-elf/4.1.2\libgcc.a(_ne_sf.o)
 .bss           0x0001c0d4        0x0 c:/altera/11.1sp2/nios2eds/bin/gnu/h-i686-mingw32/bin/../lib/gcc/nios2-elf/4.1.2\libgcc.a(_gt_sf.o)
 .bss           0x0001c0d4        0x0 c:/altera/11.1sp2/nios2eds/bin/gnu/h-i686-mingw32/bin/../lib/gcc/nios2-elf/4.1.2\libgcc.a(_lt_sf.o)
 .bss           0x0001c0d4        0x0 c:/altera/11.1sp2/nios2eds/bin/gnu/h-i686-mingw32/bin/../lib/gcc/nios2-elf/4.1.2\libgcc.a(_addsub_df.o)
 .bss           0x0001c0d4        0x0 c:/altera/11.1sp2/nios2eds/bin/gnu/h-i686-mingw32/bin/../lib/gcc/nios2-elf/4.1.2\libgcc.a(_mul_df.o)
 .bss           0x0001c0d4        0x0 c:/altera/11.1sp2/nios2eds/bin/gnu/h-i686-mingw32/bin/../lib/gcc/nios2-elf/4.1.2\libgcc.a(_div_df.o)
 .bss           0x0001c0d4        0x0 c:/altera/11.1sp2/nios2eds/bin/gnu/h-i686-mingw32/bin/../lib/gcc/nios2-elf/4.1.2\libgcc.a(_eq_df.o)
 .bss           0x0001c0d4        0x0 c:/altera/11.1sp2/nios2eds/bin/gnu/h-i686-mingw32/bin/../lib/gcc/nios2-elf/4.1.2\libgcc.a(_ne_df.o)
 .bss           0x0001c0d4        0x0 c:/altera/11.1sp2/nios2eds/bin/gnu/h-i686-mingw32/bin/../lib/gcc/nios2-elf/4.1.2\libgcc.a(_gt_df.o)
 .bss           0x0001c0d4        0x0 c:/altera/11.1sp2/nios2eds/bin/gnu/h-i686-mingw32/bin/../lib/gcc/nios2-elf/4.1.2\libgcc.a(_ge_df.o)
 .bss           0x0001c0d4        0x0 c:/altera/11.1sp2/nios2eds/bin/gnu/h-i686-mingw32/bin/../lib/gcc/nios2-elf/4.1.2\libgcc.a(_lt_df.o)
 .bss           0x0001c0d4        0x0 c:/altera/11.1sp2/nios2eds/bin/gnu/h-i686-mingw32/bin/../lib/gcc/nios2-elf/4.1.2\libgcc.a(_le_df.o)
 .bss           0x0001c0d4        0x0 c:/altera/11.1sp2/nios2eds/bin/gnu/h-i686-mingw32/bin/../lib/gcc/nios2-elf/4.1.2\libgcc.a(_df_to_si.o)
 .bss           0x0001c0d4        0x0 c:/altera/11.1sp2/nios2eds/bin/gnu/h-i686-mingw32/bin/../lib/gcc/nios2-elf/4.1.2\libgcc.a(_df_to_sf.o)
 .bss           0x0001c0d4        0x0 c:/altera/11.1sp2/nios2eds/bin/gnu/h-i686-mingw32/bin/../lib/gcc/nios2-elf/4.1.2\libgcc.a(_thenan_df.o)
 .bss           0x0001c0d4        0x0 c:/altera/11.1sp2/nios2eds/bin/gnu/h-i686-mingw32/bin/../lib/gcc/nios2-elf/4.1.2\libgcc.a(_usi_to_df.o)
 .bss           0x0001c0d4        0x0 c:/altera/11.1sp2/nios2eds/bin/gnu/h-i686-mingw32/bin/../lib/gcc/nios2-elf/4.1.2\libgcc.a(_unpack_sf.o)
 .bss           0x0001c0d4        0x0 c:/altera/11.1sp2/nios2eds/bin/gnu/h-i686-mingw32/bin/../lib/gcc/nios2-elf/4.1.2\libgcc.a(_fpcmp_parts_sf.o)
 .bss           0x0001c0d4        0x0 c:/altera/11.1sp2/nios2eds/bin/gnu/h-i686-mingw32/bin/../lib/gcc/nios2-elf/4.1.2\libgcc.a(_make_sf.o)
 .bss           0x0001c0d4        0x0 c:/altera/11.1sp2/nios2eds/bin/gnu/h-i686-mingw32/bin/../lib/gcc/nios2-elf/4.1.2\libgcc.a(_unpack_df.o)
 .bss           0x0001c0d4        0x0 c:/altera/11.1sp2/nios2eds/bin/gnu/h-i686-mingw32/bin/../lib/gcc/nios2-elf/4.1.2\libgcc.a(_fpcmp_parts_df.o)
 .bss           0x0001c0d4        0x0 c:/altera/11.1sp2/nios2eds/bin/gnu/h-i686-mingw32/bin/../lib/gcc/nios2-elf/4.1.2\libgcc.a(_pack_sf.o)
 .bss           0x0001c0d4        0x0 ../DE2_115_NIOS_HOST_MOUSE_VGA_bsp/\libhal_bsp.a(alt_close.o)
 .bss           0x0001c0d4        0x0 ../DE2_115_NIOS_HOST_MOUSE_VGA_bsp/\libhal_bsp.a(alt_dev.o)
 .bss           0x0001c0d4        0x0 ../DE2_115_NIOS_HOST_MOUSE_VGA_bsp/\libhal_bsp.a(alt_errno.o)
 .bss           0x0001c0d4        0x0 ../DE2_115_NIOS_HOST_MOUSE_VGA_bsp/\libhal_bsp.a(alt_fstat.o)
 .bss           0x0001c0d4        0x0 ../DE2_115_NIOS_HOST_MOUSE_VGA_bsp/\libhal_bsp.a(alt_gettod.o)
 .bss           0x0001c0d4        0x0 ../DE2_115_NIOS_HOST_MOUSE_VGA_bsp/\libhal_bsp.a(alt_isatty.o)
 .bss           0x0001c0d4        0x0 ../DE2_115_NIOS_HOST_MOUSE_VGA_bsp/\libhal_bsp.a(alt_load.o)
 .bss           0x0001c0d4        0x0 ../DE2_115_NIOS_HOST_MOUSE_VGA_bsp/\libhal_bsp.a(alt_lseek.o)
 .bss           0x0001c0d4        0x0 ../DE2_115_NIOS_HOST_MOUSE_VGA_bsp/\libhal_bsp.a(alt_main.o)
 .bss           0x0001c0d4        0x0 ../DE2_115_NIOS_HOST_MOUSE_VGA_bsp/\libhal_bsp.a(alt_malloc_lock.o)
 .bss           0x0001c0d4        0x0 ../DE2_115_NIOS_HOST_MOUSE_VGA_bsp/\libhal_bsp.a(alt_read.o)
 .bss           0x0001c0d4        0x0 ../DE2_115_NIOS_HOST_MOUSE_VGA_bsp/\libhal_bsp.a(alt_release_fd.o)
 .bss           0x0001c0d4        0x0 ../DE2_115_NIOS_HOST_MOUSE_VGA_bsp/\libhal_bsp.a(alt_sbrk.o)
 .bss           0x0001c0d4        0x0 ../DE2_115_NIOS_HOST_MOUSE_VGA_bsp/\libhal_bsp.a(alt_tick.o)
 .bss           0x0001c0d4        0x0 ../DE2_115_NIOS_HOST_MOUSE_VGA_bsp/\libhal_bsp.a(alt_usleep.o)
 .bss           0x0001c0d4        0x0 ../DE2_115_NIOS_HOST_MOUSE_VGA_bsp/\libhal_bsp.a(alt_write.o)
 .bss           0x0001c0d4        0x0 ../DE2_115_NIOS_HOST_MOUSE_VGA_bsp/\libhal_bsp.a(alt_sys_init.o)
 .bss           0x0001c0d4        0x0 ../DE2_115_NIOS_HOST_MOUSE_VGA_bsp/\libhal_bsp.a(altera_avalon_jtag_uart_fd.o)
 .bss           0x0001c0d4        0x0 ../DE2_115_NIOS_HOST_MOUSE_VGA_bsp/\libhal_bsp.a(altera_avalon_jtag_uart_init.o)
 .bss           0x0001c0d4        0x0 ../DE2_115_NIOS_HOST_MOUSE_VGA_bsp/\libhal_bsp.a(altera_avalon_jtag_uart_ioctl.o)
 .bss           0x0001c0d4        0x0 ../DE2_115_NIOS_HOST_MOUSE_VGA_bsp/\libhal_bsp.a(altera_avalon_jtag_uart_read.o)
 .bss           0x0001c0d4        0x0 ../DE2_115_NIOS_HOST_MOUSE_VGA_bsp/\libhal_bsp.a(altera_avalon_jtag_uart_write.o)
 .bss           0x0001c0d4        0x0 ../DE2_115_NIOS_HOST_MOUSE_VGA_bsp/\libhal_bsp.a(altera_avalon_lcd_16207.o)
 .bss           0x0001c0d4        0x0 ../DE2_115_NIOS_HOST_MOUSE_VGA_bsp/\libhal_bsp.a(altera_avalon_lcd_16207_fd.o)
 .bss           0x0001c0d4        0x0 ../DE2_115_NIOS_HOST_MOUSE_VGA_bsp/\libhal_bsp.a(altera_avalon_timer_sc.o)
 .bss           0x0001c0d4        0x0 ../DE2_115_NIOS_HOST_MOUSE_VGA_bsp/\libhal_bsp.a(alt_alarm_start.o)
 .bss           0x0001c0d4        0x0 ../DE2_115_NIOS_HOST_MOUSE_VGA_bsp/\libhal_bsp.a(alt_busy_sleep.o)
 .bss           0x0001c0d4        0x0 ../DE2_115_NIOS_HOST_MOUSE_VGA_bsp/\libhal_bsp.a(alt_dcache_flush_all.o)
 .bss           0x0001c0d4        0x0 ../DE2_115_NIOS_HOST_MOUSE_VGA_bsp/\libhal_bsp.a(alt_dev_llist_insert.o)
 .bss           0x0001c0d4        0x0 ../DE2_115_NIOS_HOST_MOUSE_VGA_bsp/\libhal_bsp.a(alt_do_ctors.o)
 .bss           0x0001c0d4        0x0 ../DE2_115_NIOS_HOST_MOUSE_VGA_bsp/\libhal_bsp.a(alt_do_dtors.o)
 .bss           0x0001c0d4        0x0 ../DE2_115_NIOS_HOST_MOUSE_VGA_bsp/\libhal_bsp.a(alt_icache_flush_all.o)
 .bss           0x0001c0d4        0x0 ../DE2_115_NIOS_HOST_MOUSE_VGA_bsp/\libhal_bsp.a(alt_iic.o)
 .bss           0x0001c0d4        0x0 ../DE2_115_NIOS_HOST_MOUSE_VGA_bsp/\libhal_bsp.a(alt_iic_isr_register.o)
 .bss           0x0001c0d4        0x0 ../DE2_115_NIOS_HOST_MOUSE_VGA_bsp/\libhal_bsp.a(alt_io_redirect.o)
 .bss           0x0001c0d4        0x0 ../DE2_115_NIOS_HOST_MOUSE_VGA_bsp/\libhal_bsp.a(alt_irq_entry.o)
 .bss           0x0001c0d4        0x0 ../DE2_115_NIOS_HOST_MOUSE_VGA_bsp/\libhal_bsp.a(alt_irq_handler.o)
 .bss           0x0001c0d4        0x0 ../DE2_115_NIOS_HOST_MOUSE_VGA_bsp/\libhal_bsp.a(alt_irq_vars.o)
 .bss           0x0001c0d4        0x0 ../DE2_115_NIOS_HOST_MOUSE_VGA_bsp/\libhal_bsp.a(alt_open.o)
 .bss           0x0001c0d4        0x0 ../DE2_115_NIOS_HOST_MOUSE_VGA_bsp/\libhal_bsp.a(altera_nios2_qsys_irq.o)
 .bss           0x0001c0d4        0x0 ../DE2_115_NIOS_HOST_MOUSE_VGA_bsp/\libhal_bsp.a(alt_exception_entry.o)
 .bss           0x0001c0d4        0x0 ../DE2_115_NIOS_HOST_MOUSE_VGA_bsp/\libhal_bsp.a(alt_find_dev.o)
 .bss           0x0001c0d4        0x0 ../DE2_115_NIOS_HOST_MOUSE_VGA_bsp/\libhal_bsp.a(alt_find_file.o)
 .bss           0x0001c0d4        0x0 ../DE2_115_NIOS_HOST_MOUSE_VGA_bsp/\libhal_bsp.a(alt_get_fd.o)
 .bss           0x0001c0d4        0x0 ../DE2_115_NIOS_HOST_MOUSE_VGA_bsp/\libhal_bsp.a(alt_icache_flush.o)
 .bss           0x0001c0d4        0x0 c:/altera/11.1sp2/nios2eds/bin/gnu/h-i686-mingw32/bin/../lib/gcc/nios2-elf/4.1.2/../../../../nios2-elf/lib\libc.a(lib_a-atexit.o)
 .bss           0x0001c0d4        0x0 c:/altera/11.1sp2/nios2eds/bin/gnu/h-i686-mingw32/bin/../lib/gcc/nios2-elf/4.1.2/../../../../nios2-elf/lib\libc.a(lib_a-exit.o)
 .bss           0x0001c0d4        0x0 c:/altera/11.1sp2/nios2eds/bin/gnu/h-i686-mingw32/bin/../lib/gcc/nios2-elf/4.1.2/../../../../nios2-elf/lib\libc.a(lib_a-memcmp.o)
 .bss           0x0001c0d4        0x0 c:/altera/11.1sp2/nios2eds/bin/gnu/h-i686-mingw32/bin/../lib/gcc/nios2-elf/4.1.2/../../../../nios2-elf/lib\libc.a(lib_a-__atexit.o)
 .bss           0x0001c0d4        0x0 c:/altera/11.1sp2/nios2eds/bin/gnu/h-i686-mingw32/bin/../lib/gcc/nios2-elf/4.1.2/../../../../nios2-elf/lib\libc.a(lib_a-__call_atexit.o)
 .bss           0x0001c0d4        0x0 ../DE2_115_NIOS_HOST_MOUSE_VGA_bsp/\libhal_bsp.a(alt_exit.o)
 *(COMMON)
 COMMON         0x0001c0d4      0x2a0 obj/default/DE2_115_NIOS_HOST_MOUSE_VGA.o
                0x0001c0d4                x_coord
                0x0001c0f4                map
                0x0001c2f4                distance
                0x0001c314                neighbor
                0x0001c334                shortest
                0x0001c354                y_coord
 COMMON         0x0001c374      0x100 c:/altera/11.1sp2/nios2eds/bin/gnu/h-i686-mingw32/bin/../lib/gcc/nios2-elf/4.1.2/../../../../nios2-elf/lib\libc.a(lib_a-gdtoa-gethex.o)
                0x0001c374                __hexdig
 COMMON         0x0001c474      0x100 ../DE2_115_NIOS_HOST_MOUSE_VGA_bsp/\libhal_bsp.a(alt_irq_handler.o)
                0x0001c474                alt_irq
 COMMON         0x0001c574      0x190 c:/altera/11.1sp2/nios2eds/bin/gnu/h-i686-mingw32/bin/../lib/gcc/nios2-elf/4.1.2/../../../../nios2-elf/lib\libc.a(lib_a-atexit.o)
                0x0001c574                _atexit0
                0x0001c704                . = ALIGN (0x4)
                0x0001c704                __bss_end = ABSOLUTE (.)

.sdram          0x0001c704        0x0
                0x0001c704                PROVIDE (_alt_partition_sdram_start, ABSOLUTE (.))
 *(.sdram. sdram.*)
                0x0001c704                . = ALIGN (0x4)
                0x0001c704                PROVIDE (_alt_partition_sdram_end, ABSOLUTE (.))
                0x0001c704                _end = ABSOLUTE (.)
                0x0001c704                end = ABSOLUTE (.)
                0x0001c704                __alt_stack_base = ABSOLUTE (.)
                0x0001c704                PROVIDE (_alt_partition_sdram_load_addr, LOADADDR (.sdram))

.sram           0x08200000        0x0 load address 0x0001c704
                0x08200000                PROVIDE (_alt_partition_sram_start, ABSOLUTE (.))
 *(.sram. sram.*)
                0x08200000                . = ALIGN (0x4)
                0x08200000                PROVIDE (_alt_partition_sram_end, ABSOLUTE (.))
                0x0001c704                PROVIDE (_alt_partition_sram_load_addr, LOADADDR (.sram))

.stab
 *(.stab)

.stabstr
 *(.stabstr)

.stab.excl
 *(.stab.excl)

.stab.exclstr
 *(.stab.exclstr)

.stab.index
 *(.stab.index)

.stab.indexstr
 *(.stab.indexstr)

.comment        0x00000000       0x26
 *(.comment)
 .comment       0x00000000       0x26 obj/default/DE2_115_NIOS_HOST_MOUSE_VGA.o
                                 0x27 (size before relaxing)
 .comment       0x00000000       0x27 obj/default/LCD.o
 .comment       0x00000000       0x27 obj/default/SEG7.o
 .comment       0x00000000       0x27 obj/default/VGA.o
 .comment       0x00000000       0x27 c:/altera/11.1sp2/nios2eds/bin/gnu/h-i686-mingw32/bin/../lib/gcc/nios2-elf/4.1.2\libgcc.a(_si_to_df.o)
 .comment       0x00000000       0x27 c:/altera/11.1sp2/nios2eds/bin/gnu/h-i686-mingw32/bin/../lib/gcc/nios2-elf/4.1.2\libgcc.a(lib2-divmod.o)
 .comment       0x00000000       0x27 c:/altera/11.1sp2/nios2eds/bin/gnu/h-i686-mingw32/bin/../lib/gcc/nios2-elf/4.1.2\libgcc.a(_clzsi2.o)
 .comment       0x00000000       0x27 c:/altera/11.1sp2/nios2eds/bin/gnu/h-i686-mingw32/bin/../lib/gcc/nios2-elf/4.1.2\libgcc.a(_pack_df.o)
 .comment       0x00000000       0x27 c:/altera/11.1sp2/nios2eds/bin/gnu/h-i686-mingw32/bin/../lib/gcc/nios2-elf/4.1.2\libgcc.a(_clz.o)
 .comment       0x00000000       0x27 c:/altera/11.1sp2/nios2eds/bin/gnu/h-i686-mingw32/bin/../lib/gcc/nios2-elf/4.1.2/../../../../nios2-elf/lib\libc.a(lib_a-printf.o)
 .comment       0x00000000       0x27 c:/altera/11.1sp2/nios2eds/bin/gnu/h-i686-mingw32/bin/../lib/gcc/nios2-elf/4.1.2/../../../../nios2-elf/lib\libc.a(lib_a-puts.o)
 .comment       0x00000000       0x27 c:/altera/11.1sp2/nios2eds/bin/gnu/h-i686-mingw32/bin/../lib/gcc/nios2-elf/4.1.2/../../../../nios2-elf/lib\libc.a(lib_a-scanf.o)
 .comment       0x00000000       0x27 c:/altera/11.1sp2/nios2eds/bin/gnu/h-i686-mingw32/bin/../lib/gcc/nios2-elf/4.1.2/../../../../nios2-elf/lib\libc.a(lib_a-strlen.o)
 .comment       0x00000000       0x27 c:/altera/11.1sp2/nios2eds/bin/gnu/h-i686-mingw32/bin/../lib/gcc/nios2-elf/4.1.2/../../../../nios2-elf/lib\libc.a(lib_a-vfprintf.o)
 .comment       0x00000000       0x27 c:/altera/11.1sp2/nios2eds/bin/gnu/h-i686-mingw32/bin/../lib/gcc/nios2-elf/4.1.2/../../../../nios2-elf/lib\libc.a(lib_a-vfscanf.o)
 .comment       0x00000000       0x27 c:/altera/11.1sp2/nios2eds/bin/gnu/h-i686-mingw32/bin/../lib/gcc/nios2-elf/4.1.2/../../../../nios2-elf/lib\libc.a(lib_a-wsetup.o)
 .comment       0x00000000       0x27 c:/altera/11.1sp2/nios2eds/bin/gnu/h-i686-mingw32/bin/../lib/gcc/nios2-elf/4.1.2/../../../../nios2-elf/lib\libc.a(lib_a-ctype_.o)
 .comment       0x00000000       0x27 c:/altera/11.1sp2/nios2eds/bin/gnu/h-i686-mingw32/bin/../lib/gcc/nios2-elf/4.1.2/../../../../nios2-elf/lib\libc.a(lib_a-dtoa.o)
 .comment       0x00000000       0x27 c:/altera/11.1sp2/nios2eds/bin/gnu/h-i686-mingw32/bin/../lib/gcc/nios2-elf/4.1.2/../../../../nios2-elf/lib\libc.a(lib_a-fflush.o)
 .comment       0x00000000       0x27 c:/altera/11.1sp2/nios2eds/bin/gnu/h-i686-mingw32/bin/../lib/gcc/nios2-elf/4.1.2/../../../../nios2-elf/lib\libc.a(lib_a-findfp.o)
 .comment       0x00000000       0x27 c:/altera/11.1sp2/nios2eds/bin/gnu/h-i686-mingw32/bin/../lib/gcc/nios2-elf/4.1.2/../../../../nios2-elf/lib\libc.a(lib_a-fread.o)
 .comment       0x00000000       0x27 c:/altera/11.1sp2/nios2eds/bin/gnu/h-i686-mingw32/bin/../lib/gcc/nios2-elf/4.1.2/../../../../nios2-elf/lib\libc.a(lib_a-freer.o)
 .comment       0x00000000       0x27 c:/altera/11.1sp2/nios2eds/bin/gnu/h-i686-mingw32/bin/../lib/gcc/nios2-elf/4.1.2/../../../../nios2-elf/lib\libc.a(lib_a-fvwrite.o)
 .comment       0x00000000       0x27 c:/altera/11.1sp2/nios2eds/bin/gnu/h-i686-mingw32/bin/../lib/gcc/nios2-elf/4.1.2/../../../../nios2-elf/lib\libc.a(lib_a-fwalk.o)
 .comment       0x00000000       0x27 c:/altera/11.1sp2/nios2eds/bin/gnu/h-i686-mingw32/bin/../lib/gcc/nios2-elf/4.1.2/../../../../nios2-elf/lib\libc.a(lib_a-impure.o)
 .comment       0x00000000       0x27 c:/altera/11.1sp2/nios2eds/bin/gnu/h-i686-mingw32/bin/../lib/gcc/nios2-elf/4.1.2/../../../../nios2-elf/lib\libc.a(lib_a-iswspace.o)